Archive member included because of file (symbol)

../sbl6/segalib/lib/sega_int.a(int.o)
                              vblank.o (INT_SetScuFunc)
../sbl6/segalib/lib/sega_int.a(int_trmp.o)
                              ../sbl6/segalib/lib/sega_int.a(int.o) (__interrupt_handler0)
../sbl6/segalib/lib/sega_spr.a(spr_2c.o)
                              sprite.o (SPR_2Initial)
../sbl6/segalib/lib/sega_spr.a(spr_slv.o)
                              ../sbl6/segalib/lib/sega_spr.a(spr_2c.o) (SPR_InitSlaveSH)
../sbl6/segalib/lib/sega_spr.a(spr_1c.o)
                              ../sbl6/segalib/lib/sega_spr.a(spr_2c.o) (SPR_Initial)
../sbl6/segalib/lib/sega_spr.a(spr_2a.o)
                              ../sbl6/segalib/lib/sega_spr.a(spr_2c.o) (SPR_2SetDrawPrty)
../sbl6/segalib/lib/sega_scl.a(scl_vblv.o)
                              ../sbl6/segalib/lib/sega_spr.a(spr_1c.o) (SpFrameChgMode)
../sbl6/segalib/lib/sega_scl.a(scl_func.o)
                              sprite.o (SCL_Vdp2Init)
../sbl6/segalib/lib/sega_scl.a(scl_pr03.o)
                              scroll.o (SCL_AllocColRam)
../sbl6/segalib/lib/sega_scl.a(scl_pr02.o)
                              scroll.o (SCL_SetColRam)
../sbl6/segalib/lib/sega_scl.a(scl_back.o)
                              scroll.o (SCL_SetBack)
../sbl6/segalib/lib/sega_scl.a(scl_fu03.o)
                              scroll.o (SCL_InitConfigTb)
../sbl6/segalib/lib/sega_scl.a(scl_fu02.o)
                              scroll.o (SCL_InitVramConfigTb)
../sbl6/segalib/lib/sega_scl.a(scl_fu04.o)
                              scroll.o (SCL_SetCycleTable)
../sbl6/segalib/lib/sega_scl.a(scl_pr07.o)
                              scroll.o (SCL_SetPriority)
../sbl6/segalib/lib/sega_scl.a(scl_pr09.o)
                              scroll.o (SCL_SetColMixMode)
../sbl6/segalib/lib/sega_scl.a(scl_pri.o)
                              ../sbl6/segalib/lib/sega_scl.a(scl_func.o) (SclRealOtherPri)
../sbl6/segalib/lib/sega_scl.a(scl_fu05.o)
                              scroll.o (SCL_SetLineParam)
../sbl6/segalib/lib/sega_scl.a(scl_pr01.o)
                              main.o (SCL_SetSpriteMode)
../sbl6/segalib/lib/sega_scl.a(scl_ro00.o)
                              ../sbl6/segalib/lib/sega_scl.a(scl_func.o) (SCL_Rotate)
../sbl6/segalib/lib/sega_scl.a(scl_pr06.o)
                              ../sbl6/segalib/lib/sega_scl.a(scl_pr03.o) (SCL_SetColRamOffset)
../sbl6/segalib/lib/sega_scl.a(scl_pr05.o)
                              ../sbl6/segalib/lib/sega_scl.a(scl_pr02.o) (SCL_GetColRamOffset)
../sbl6/segalib/lib/sega_mth.a(mth_fixd.o)
                              sprite.o (MTH_Mul)
../sbl6/segalib/lib/sega_mth.a(mth_tri.o)
                              sprite.o (MTH_Sin)
../sbl6/segalib/lib/sega_cdc.a(cdc_drv.o)
                              sound.o (CDC_CdPlay)
../sbl6/segalib/lib/sega_cdc.a(cdc_cmn.o)
                              main.o (CDC_GetPeriStat)
../sbl6/segalib/lib/sega_cdc.a(cdc_sub.o)
                              ../sbl6/segalib/lib/sega_cdc.a(cdc_cmn.o) (CDSUB_UpdStatus)
../sbl6/segalib/lib/sega_cdc.a(cdc_reg.o)
                              ../sbl6/segalib/lib/sega_cdc.a(cdc_cmn.o) (CDREG_ClrHirqReq)
../sbl6/segalib/lib/sega_per.a(per_prt.o)
                              ../sbl6/segasmp/per/smpclib/per_x2.o (PER_LInit)
../sbl6/segalib/lib/sega_sat.a(gfs.o)
                              cd.o (GFS_Init)
../sbl6/segalib/lib/sega_sat.a(DMA_CPU1.o)
                              pcmsys.o (DMA_CpuMemCopy1)
../sbl6/segalib/lib/sega_sat.a(DMA_CPU5.o)
                              pcmsys.o (DMA_CpuResult)
../sbl6/segalib/lib/sega_sat.a(DMA_SCU1.o)
                              ../sbl6/segalib/lib/sega_spr.a(spr_2c.o) (DMA_ScuMemCopy)
../sbl6/segalib/lib/sega_sat.a(gfs_cdf.o)
                              ../sbl6/segalib/lib/sega_sat.a(gfs.o) (GFCF_Init)
../sbl6/segalib/lib/sega_sat.a(gfs_dir.o)
                              ../sbl6/segalib/lib/sega_sat.a(gfs.o) (GFDR_SetupDirTbl)
../sbl6/segalib/lib/sega_sat.a(gfs_trn.o)
                              ../sbl6/segalib/lib/sega_sat.a(gfs.o) (GFTR_Setup)
../sbl6/segalib/lib/sega_sat.a(gfs_buf.o)
                              ../sbl6/segalib/lib/sega_sat.a(gfs.o) (GFBF_GetNumData)
../sbl6/segalib/lib/sega_sat.a(gfs_cdb.o)
                              ../sbl6/segalib/lib/sega_sat.a(gfs_cdf.o) (GFCB_Setup)
../sbl6/segalib/lib/sega_sat.a(gfs_cdc.o)
                              ../sbl6/segalib/lib/sega_sat.a(gfs.o) (GFCD_SetCdbfs)
../sbl6/segalib/lib/sega_sat.a(DMA_CPU0.o)
                              ../sbl6/segalib/lib/sega_sat.a(DMA_CPU1.o) (DMA_CpuSetComPrm)
../sbl6/segalib/lib/sega_sat.a(csh_main.o)
                              ../sbl6/segalib/lib/sega_sat.a(DMA_CPU5.o) (CSH_Purge)
../sbl6/segalib/lib/sega_sat.a(DMA_SCU0.o)
                              ../sbl6/segalib/lib/sega_sat.a(DMA_SCU1.o) (DMA_ScuSetPrm)
../sbl6/segalib/lib/sega_sat.a(cdc_cfs.o)
                              ../sbl6/segalib/lib/sega_sat.a(gfs_cdc.o) (CDC_ChgDir)
[...]
Memory Configuration

Name             Origin             Length             Attributes
*default*        0x00000000         0xffffffff

Linker script and memory map

LOAD ../sbl6/segasmp/lib/strt1_g.o
LOAD ../sbl6/segasmp/lib/strt2_g.o
LOAD vblank.o
LOAD ../sbl6/segasmp/per/smpclib/per_x1.o
LOAD ../sbl6/segasmp/per/smpclib/per_x2.o
LOAD ../sbl6/segasmp/per/smpclib/per_x3.o
LOAD cd.o
LOAD graphics.o
LOAD pcmsys.o
LOAD print.o
LOAD scroll.o
LOAD sound.o
LOAD sprite.o
LOAD main.o
LOAD ../sbl6/segalib/lib/sega_int.a
LOAD ../sbl6/segalib/lib/sega_spr.a
LOAD ../sbl6/segalib/lib/sega_scl.a
LOAD ../sbl6/segalib/lib/sega_mth.a
LOAD ../sbl6/segalib/lib/sega_cdc.a
LOAD ../sbl6/segalib/lib/sega_adp.a
LOAD ../sbl6/segalib/lib/sega_per.a
LOAD ../sbl6/segalib/lib/sega_sat.a
LOAD c:/saturn/SH_COFF/sh-coff/bin/../lib/gcc/sh-coff/3.4-GNUSH_v0501\libgcc.a
LOAD c:/saturn/SH_COFF/sh-coff/bin/../lib/gcc/sh-coff/3.4-GNUSH_v0501/../../../../sh-coff/lib\libc.a
LOAD c:/saturn/SH_COFF/sh-coff/bin/../lib/gcc/sh-coff/3.4-GNUSH_v0501\libgcc.a

.text           0x06010000    0x13b30
 *(.text)
 .text          0x06010000       0x30 ../sbl6/segasmp/lib/strt1_g.o
                0x06010024                _D_END
                0x06010020                _D_BGN
                0x0601002c                _B_END
                0x06010028                _B_BGN
                0x06010000                START
 .text          0x06010030       0x60 ../sbl6/segasmp/lib/strt2_g.o
                0x06010050                _INITSCT
                0x06010030                _INIT
 .text          0x06010090      0x190 vblank.o
                0x06010090                SetVblank
                0x06010120                UsrVblankOut
                0x060100f0                UsrVblankIn
 .text          0x06010220      0x430 ../sbl6/segasmp/per/smpclib/per_x1.o
                0x060105b4                PER_GetAnalogXYZ
                0x06010244                PER_GetTriggerHandler
                0x060104de                PER_GetEdge
                0x0601045c                PER_GetTrigger
                0x06010508                PER_GetPressEdge
                0x0601055c                PER_GetReleaseEdge
                0x06010220                PER_SetTriggerHandler
 .text          0x06010650      0x200 ../sbl6/segasmp/per/smpclib/per_x2.o
                0x06010754                PER_GetDeviceA
                0x06010650                PER_OpenPort
                0x06010688                PER_GetPort
                0x060107ce                PER_GetDeviceR
 .text          0x06010850       0x20 ../sbl6/segasmp/per/smpclib/per_x3.o
                0x06010850                PER_DisguiseTrigger
 .text          0x06010870      0x120 cd.o
                0x06010910                cd_load_nosize
                0x06010870                cd_init
                0x060108a0                cd_load
 .text          0x06010990      0x8a0 pcmsys.o
                0x06011040                load_8bit_pcm
                0x06010db0                smpc_issue_command
                0x06010e60                load_drv
                0x060111c0                pcm_parameter_change
                0x06010d90                smpc_wait_till_ready
                0x06010dd0                load_driver_binary
                0x06011180                pcm_play
                0x060111f0                pcm_cease
                0x06010eb0                calculate_bytes_per_blank
                0x06010ef0                load_16bit_pcm
 .text          0x06011230      0x170 print.o
                0x06011300                print_display
                0x06011270                print_num
                0x06011230                print_init
                0x060112c0                print_string
 .text          0x060113a0      0x860 scroll.o
                0x06011580                scroll_move
                0x06011ad0                scroll_get
                0x06011b30                scroll_copy
                0x060116b0                scroll_set
                0x060113a0                scroll_load_block
                0x060114f0                scroll_load_chunk
                0x06011b40                scroll_linescroll4
                0x060117e0                scroll_init
                0x060116e0                scroll_scale
 .text          0x06011c00      0x180 sound.o
                0x06011d60                sound_play
                0x06011c30                sound_init
                0x06011d20                sound_cdda
 .text          0x06011d80      0x580 sprite.o
                0x06011db0                sprite_init
                0x06012110                sprite_make
                0x06012270                sprite_next
                0x060122d0                sprite_delete
                0x06012160                sprite_draw_all
                0x06011d80                sprite_deleteall
                0x06011ec0                sprite_draw
 .text          0x06012300       0xf0 main.o
                0x06012300                main
 .text          0x060123f0       0x40 ../sbl6/segalib/lib/sega_int.a(int.o)
                0x0601241c                INT_GetScuFunc
                0x060123f0                INT_SetScuFunc
 .text          0x06012430      0x624 ../sbl6/segalib/lib/sega_int.a(int_trmp.o)
                0x06012598                __interrupt_handler60
                0x06012748                __interrupt_handler132
                0x060128fe                __interrupt_handler205
                0x06012766                __interrupt_handler137
                0x06012694                __interrupt_handler102
                0x060124d2                __interrupt_handler27
                0x060128d4                __interrupt_handler198
                0x060127c6                __interrupt_handler153
                0x060124ae                __interrupt_handler21
                0x060125bc                __interrupt_handler66
                0x060126ac                __interrupt_handler106
                0x060127f6                __interrupt_handler161
                0x06012640                __interrupt_handler88
                0x0601280e                __interrupt_handler165
                0x0601271e                __interrupt_handler125
                0x06012454                __interrupt_handler6
                0x060124f0                __interrupt_handler32
                0x060128aa                __interrupt_handler191
                0x060129c4                __interrupt_handler238
                0x060129dc                __interrupt_handler242
                0x060127e4                __interrupt_handler158
                0x0601264c                __interrupt_handler90
                0x06012808                __interrupt_handler164
                0x0601252c                __interrupt_handler42
                0x0601286e                __interrupt_handler181
                0x06012976                __interrupt_handler225
                0x06012a1e                __interrupt_handler253
                0x06012832                __interrupt_handler171
                0x060125ec                __interrupt_handler74
                0x06012442                __interrupt_handler3
                0x06012586                __interrupt_handler57
                0x06012484                __interrupt_handler14
                0x0601291c                __interrupt_handler210
                0x0601294c                __interrupt_handler218
                0x06012910                __interrupt_handler208
                0x06012514                __interrupt_handler38
                0x06012430                __interrupt_handler0
                0x060126a0                __interrupt_handler104
                0x060127de                __interrupt_handler157
                0x0601292e                __interrupt_handler213
                0x06012820                __interrupt_handler168
                0x0601262e                __interrupt_handler85
                0x060126ca                __interrupt_handler111
                0x060126dc                __interrupt_handler114
                0x0601254a                __interrupt_handler47
                0x060129a0                __interrupt_handler232
                0x0601296a                __interrupt_handler223
                0x060129be                __interrupt_handler237
                0x060125aa                __interrupt_handler63
                0x06012538                __interrupt_handler44
                0x0601284a                __interrupt_handler175
                0x06012874                __interrupt_handler182
                0x0601288c                __interrupt_handler186
                0x0601278a                __interrupt_handler143
                0x060126b2                __interrupt_handler107
                0x06012718                __interrupt_handler124
                0x06012838                __interrupt_handler172
                0x060129ee                __interrupt_handler245
                0x0601266a                __interrupt_handler95
                0x06012742                __interrupt_handler131
                0x06012754                __interrupt_handler134
                0x06012772                __interrupt_handler139
                0x060125e0                __interrupt_handler72
                0x0601299a                __interrupt_handler231
                0x060127f0                __interrupt_handler160
                0x06012736                __interrupt_handler129
                0x060124a8                __interrupt_handler20
                0x060125b6                __interrupt_handler65
                0x06012580                __interrupt_handler56
                0x0601247e                __interrupt_handler13
                0x06012916                __interrupt_handler209
                0x060126d0                __interrupt_handler112
                0x060124a2                __interrupt_handler19
                0x0601265e                __interrupt_handler93
                0x060128c8                __interrupt_handler196
                0x060127ba                __interrupt_handler151
                0x0601281a                __interrupt_handler167
                0x06012a30                __trampoline
                0x06012496                __interrupt_handler17
                0x06012988                __interrupt_handler228
                0x06012a2a                __interrupt_handler255
                0x060129e8                __interrupt_handler244
                0x06012682                __interrupt_handler99
                0x0601287a                __interrupt_handler183
                0x06012778                __interrupt_handler140
                0x0601289e                __interrupt_handler189
                0x0601279c                __interrupt_handler146
                0x06012964                __interrupt_handler222
                0x060127d8                __interrupt_handler156
                0x0601270c                __interrupt_handler122
                0x06012a00                __interrupt_handler248
                0x06012550                __interrupt_handler48
                0x060125ce                __interrupt_handler69
                0x060124c0                __interrupt_handler24
                0x06012646                __interrupt_handler89
                0x0601293a                __interrupt_handler215
                0x06012a24                __interrupt_handler254
                0x0601263a                __interrupt_handler87
                0x0601259e                __interrupt_handler61
                0x060128c2                __interrupt_handler195
                0x060127b4                __interrupt_handler150
                0x06012526                __interrupt_handler41
                0x060126c4                __interrupt_handler110
                0x0601272a                __interrupt_handler127
                0x060126b8                __interrupt_handler108
                0x060126d6                __interrupt_handler113
                0x060126e8                __interrupt_handler116
                0x06012706                __interrupt_handler121
                0x060125fe                __interrupt_handler77
                0x0601251a                __interrupt_handler39
                0x06012532                __interrupt_handler43
                0x06012a06                __interrupt_handler249
                0x06012844                __interrupt_handler174
                0x06012760                __interrupt_handler136
                0x06012898                __interrupt_handler188
                0x06012796                __interrupt_handler145
                0x06012466                __interrupt_handler9
                0x0601260a                __interrupt_handler79
                0x06012982                __interrupt_handler227
                0x060124fc                __interrupt_handler34
                0x0601273c                __interrupt_handler130
                0x060129fa                __interrupt_handler247
                0x060125f2                __interrupt_handler75
                0x0601283e                __interrupt_handler173
                0x0601256e                __interrupt_handler53
                0x060127ae                __interrupt_handler149
                0x06012a12                __interrupt_handler251
                0x060129a6                __interrupt_handler233
                0x0601246c                __interrupt_handler10
                0x060128f8                __interrupt_handler204
                0x0601261c                __interrupt_handler82
                0x06012622                __interrupt_handler83
                0x060124c6                __interrupt_handler25
                0x060129e2                __interrupt_handler243
                0x060127fc                __interrupt_handler162
                0x06012544                __interrupt_handler46
                0x0601285c                __interrupt_handler178
                0x06012610                __interrupt_handler80
                0x060125a4                __interrupt_handler62
                0x0601243c                __interrupt_handler2
                0x060124de                __interrupt_handler29
                0x060125d4                __interrupt_handler70
                0x060126be                __interrupt_handler109
                0x060127a8                __interrupt_handler148
                0x06012664                __interrupt_handler94
                0x06012970                __interrupt_handler224
                0x0601269a                __interrupt_handler103
                0x06012508                __interrupt_handler36
                0x06012724                __interrupt_handler126
                0x060129f4                __interrupt_handler246
                0x0601257a                __interrupt_handler55
                0x06012478                __interrupt_handler12
                0x06012568                __interrupt_handler52
                0x06012892                __interrupt_handler187
                0x06012790                __interrupt_handler144
                0x060126ee                __interrupt_handler117
                0x0601249c                __interrupt_handler18
                0x060128ce                __interrupt_handler197
                0x060127c0                __interrupt_handler152
                0x060126f4                __interrupt_handler118
                0x0601282c                __interrupt_handler170
                0x060128e6                __interrupt_handler201
                0x06012676                __interrupt_handler97
                0x06012802                __interrupt_handler163
                0x06012868                __interrupt_handler180
                0x060128b0                __interrupt_handler192
                0x060129d0                __interrupt_handler240
                0x06012712                __interrupt_handler123
                0x06012934                __interrupt_handler214
                0x060124ea                __interrupt_handler31
                0x060124d8                __interrupt_handler28
                0x060125c2                __interrupt_handler67
                0x060125c8                __interrupt_handler68
                0x060124b4                __interrupt_handler22
                0x060124ba                __interrupt_handler23
                0x06012850                __interrupt_handler176
                0x0601245a                __interrupt_handler7
                0x0601295e                __interrupt_handler221
                0x06012946                __interrupt_handler217
                0x0601298e                __interrupt_handler229
                0x06012556                __interrupt_handler49
                0x06012448                __interrupt_handler4
                0x06012520                __interrupt_handler40
                0x060126e2                __interrupt_handler115
                0x060129b2                __interrupt_handler235
                0x06012652                __interrupt_handler91
                0x06012904                __interrupt_handler206
                0x06012856                __interrupt_handler177
                0x060127a2                __interrupt_handler147
                0x0601250e                __interrupt_handler37
                0x06012a0c                __interrupt_handler250
                0x06012436                __interrupt_handler1
                0x06012952                __interrupt_handler219
                0x060125f8                __interrupt_handler76
                0x06012688                __interrupt_handler100
                0x0601258c                __interrupt_handler58
                0x0601248a                __interrupt_handler15
                0x06012928                __interrupt_handler212
                0x060129d6                __interrupt_handler241
                0x060128ec                __interrupt_handler202
                0x060128b6                __interrupt_handler193
                0x06012604                __interrupt_handler78
                0x0601255c                __interrupt_handler50
                0x060124f6                __interrupt_handler33
                0x06012814                __interrupt_handler166
                0x0601276c                __interrupt_handler138
                0x0601275a                __interrupt_handler135
                0x060124e4                __interrupt_handler30
                0x06012880                __interrupt_handler184
                0x0601277e                __interrupt_handler141
                0x06012994                __interrupt_handler230
                0x060129b8                __interrupt_handler236
                0x060126fa                __interrupt_handler119
                0x06012634                __interrupt_handler86
                0x060126a6                __interrupt_handler105
                0x06012616                __interrupt_handler81
                0x06012700                __interrupt_handler120
                0x06012730                __interrupt_handler128
                0x06012574                __interrupt_handler54
                0x06012472                __interrupt_handler11
                0x060128da                __interrupt_handler199
                0x060127cc                __interrupt_handler154
                0x0601253e                __interrupt_handler45
                0x06012940                __interrupt_handler216
                0x060128f2                __interrupt_handler203
                0x0601268e                __interrupt_handler101
                0x06012628                __interrupt_handler84
                0x06012886                __interrupt_handler185
                0x06012784                __interrupt_handler142
                0x060124cc                __interrupt_handler26
                0x060125b0                __interrupt_handler64
                0x060128e0                __interrupt_handler200
                0x0601290a                __interrupt_handler207
                0x060128bc                __interrupt_handler194
                0x06012658                __interrupt_handler92
                0x060127d2                __interrupt_handler155
                0x06012922                __interrupt_handler211
                0x0601274e                __interrupt_handler133
                0x0601244e                __interrupt_handler5
                0x060125e6                __interrupt_handler73
                0x06012490                __interrupt_handler16
                0x060129ca                __interrupt_handler239
                0x060129ac                __interrupt_handler234
                0x06012502                __interrupt_handler35
                0x06012592                __interrupt_handler59
                0x06012826                __interrupt_handler169
                0x0601267c                __interrupt_handler98
                0x060125da                __interrupt_handler71
                0x06012562                __interrupt_handler51
                0x060127ea                __interrupt_handler159
                0x0601297c                __interrupt_handler226
                0x06012670                __interrupt_handler96
                0x060128a4                __interrupt_handler190
                0x06012958                __interrupt_handler220
                0x06012460                __interrupt_handler8
                0x06012862                __interrupt_handler179
                0x06012a18                __interrupt_handler252
 *fill*         0x06012a54        0xc 00
 .text          0x06012a60     0x12a0 ../sbl6/segalib/lib/sega_spr.a(spr_2c.o)
                0x06013cc0                SlaveFlushDrawPrtyBlock
                0x06012a60                SPR_2Initial
                0x060132a4                SPR_2SysClip
                0x06013244                SPR_2LocalCoord
                0x06013b3c                SPR_2FlushDrawPrtyBlock
                0x06013828                SPR_2DistSpr
                0x0601322c                SPR_2FlushDrawPrty
                0x0601394c                SPR_2Cmd
                0x06012f28                SPR_2GourTblNoToVram
                0x06012f88                SPR_2GetAreaSizeInfo
                0x06012cf0                SPR_2SetGourTbl
                0x060134dc                SPR_2Polygon
                0x06012f64                SPR_2CharNoToVram
                0x06012c70                SPR_2SetTvMode
                0x060130cc                SPR_2CloseCommand
                0x06012cac                SPR_2FrameEraseData
                0x06012a88                SPR_2Initial2
                0x060136bc                SPR_2ScaleSpr
                0x0601334c                SPR_2Line
                0x06013018                SPR_2OpenCommand
                0x06012c8c                SPR_2FrameChgIntr
                0x06013598                SPR_2NormSpr
                0x06012d20                SPR_2SetLookupTbl
                0x06012d54                SPR_2SetChar
                0x06012f4c                SPR_2LookupTblNoToVram
                0x06013420                SPR_2PolyLine
                0x06012ec0                SPR_2ClrAllChar
                0x06012e74                SPR_2ClrChar
                0x060132f0                SPR_2UserClip
 .text          0x06013d00      0x1e6 ../sbl6/segalib/lib/sega_spr.a(spr_slv.o)
                0x06013e64                SPR_WaitEndSlaveSH
                0x06013d00                SPR_SMPC_SSHON
                0x06013e40                SPR_RunSlaveSH
                0x06013d04                SPR_InitSlaveSH
                0x06013dcc                SPR_SlaveSHmain
                0x06013d01                SPR_SMPC_SSHOFF
 *fill*         0x06013ee6        0xa 00
 .text          0x06013ef0      0x36a ../sbl6/segalib/lib/sega_spr.a(spr_1c.o)
                0x060141a4                SPR_WaitDrawEnd
                0x060141bc                SPR_SetEosMode
                0x060140d4                SPR_SetEraseData
                0x06013ef0                SPR_Initial
                0x06013fc8                SPR_SetTvMode
                0x06014060                SPR_GetStatus
 *fill*         0x0601425a        0x6 00
 .text          0x06014260      0x244 ../sbl6/segalib/lib/sega_spr.a(spr_2a.o)
                0x06014272                sprMemCpyW
                0x060142d0                flushDrawPrtyBlock
                0x06014260                sprMemCpyL
                0x06014284                SPR_2SetDrawPrty
 *fill*         0x060144a4        0xc 00
 .text          0x060144b0      0x2fc ../sbl6/segalib/lib/sega_scl.a(scl_vblv.o)
                0x0601456c                SCL_DisplayFrame
                0x060144b0                SCL_SetFrameInterval
                0x060145a0                SCL_VblInit
                0x060145f0                SCL_VblankStart
                0x06014634                SCL_VblankEnd
 *fill*         0x060147ac        0x4 00
 .text          0x060147b0      0xb9c ../sbl6/segalib/lib/sega_scl.a(scl_func.o)
                0x0601518c                SCL_Vdp2_SGLInit
                0x0601509c                SCL_PriIntProc
                0x06015014                SCL_Memcpyw
                0x0601532c                SCL_SglOff
                0x0601530c                SCL_SglOn
                0x06014f80                SCL_ScrollShow
                0x06014a28                SCL_Close
                0x06014d20                SCL_Scale
                0x060147b0                SCL_Vdp2Init
                0x06014b94                SCL_Move
                0x06014e5c                SCL_CopyReg
                0x06014a04                SCL_Open
                0x06014834                SCL_ParametersInit
                0x06014a44                SCL_MoveTo
                0x0601503c                SCL_SetColRamMode
 *fill*         0x0601534c        0x4 00
 .text          0x06015350      0x138 ../sbl6/segalib/lib/sega_scl.a(scl_pr03.o)
                0x06015350                SCL_FreeColRam
                0x06015388                SCL_AllocColRam
 *fill*         0x06015488        0x8 00
 .text          0x06015490       0x9c ../sbl6/segalib/lib/sega_scl.a(scl_pr02.o)
                0x06015490                SCL_SetColRam
 *fill*         0x0601552c        0x4 00
 .text          0x06015530       0x84 ../sbl6/segalib/lib/sega_scl.a(scl_back.o)
                0x06015530                SCL_SetBack
 *fill*         0x060155b4        0xc 00
 .text          0x060155c0      0x94c ../sbl6/segalib/lib/sega_scl.a(scl_fu03.o)
                0x0601561c                SCL_SetConfig
                0x060155c0                SCL_InitConfigTb
 *fill*         0x06015f0c        0x4 00
 .text          0x06015f10      0x4f4 ../sbl6/segalib/lib/sega_scl.a(scl_fu02.o)
                0x06015f48                SCL_SetVramConfig
                0x06015f10                SCL_InitVramConfigTb
 *fill*         0x06016404        0xc 00
 .text          0x06016410       0x28 ../sbl6/segalib/lib/sega_scl.a(scl_fu04.o)
                0x06016410                SCL_SetCycleTable
 *fill*         0x06016438        0x8 00
 .text          0x06016440      0x214 ../sbl6/segalib/lib/sega_scl.a(scl_pr07.o)
                0x06016440                SCL_SetPriority
 *fill*         0x06016654        0xc 00
 .text          0x06016660       0x40 ../sbl6/segalib/lib/sega_scl.a(scl_pr09.o)
                0x06016660                SCL_SetColMixMode
 .text          0x060166a0     0x10a4 ../sbl6/segalib/lib/sega_scl.a(scl_pri.o)
                0x06016734                SCL_AbortAutoVe
                0x060175e4                SCL_SetShadowBit
                0x06016bac                SCL_AutoExec
                0x060166a0                SCL_PriorityInit
                0x060170c0                SCL_IncColOffset
                0x06016748                SCL_SetColMixRate
                0x06016718                SCL_GetColRamMode
 *fill*         0x06017744        0xc 00
 .text          0x06017750      0x278 ../sbl6/segalib/lib/sega_scl.a(scl_fu05.o)
                0x0601780c                SCL_SetLineParam
                0x06017758                SCL_InitLineParamTb
 *fill*         0x060179c8        0x8 00
 .text          0x060179d0       0x58 ../sbl6/segalib/lib/sega_scl.a(scl_pr01.o)
                0x060179d0                SCL_SetSpriteMode
 *fill*         0x06017a28        0x8 00
 .text          0x06017a30     0x1394 ../sbl6/segalib/lib/sega_scl.a(scl_ro00.o)
                0x06018c1c                SCL_RotateZD
                0x06017ee4                SCL_Rotate
                0x06017bb8                SCL_InitRotateTable
 *fill*         0x06018dc4        0xc 00
 .text          0x06018dd0      0x1b4 ../sbl6/segalib/lib/sega_scl.a(scl_pr06.o)
                0x06018dd0                SCL_SetColRamOffset
 *fill*         0x06018f84        0xc 00
 .text          0x06018f90       0xac ../sbl6/segalib/lib/sega_scl.a(scl_pr05.o)
                0x06018f90                SCL_GetColRamOffset
 *fill*         0x0601903c        0x4 00
 .text          0x06019040       0xa4 ../sbl6/segalib/lib/sega_mth.a(mth_fixd.o)
                0x06019090                MTH_FixedToInt
                0x06019080                MTH_IntToFixed
                0x06019040                MTH_Mul
                0x060190a0                MTH_Product
                0x06019060                MTH_Div
 *fill*         0x060190e4        0xc 00
 .text          0x060190f0      0x600 ../sbl6/segalib/lib/sega_mth.a(mth_tri.o)
                0x0601918c                fcos
                0x06019192                fsin
                0x0601913c                MTH_Cos
                0x060190f0                MTH_Sin
                0x06019330                MTH_Atan
 .text          0x060196f0      0x130 ../sbl6/segalib/lib/sega_cdc.a(cdc_drv.o)
                0x060196f0                CDC_CdPlay
                0x060197bc                CDC_CdSeek
                0x060197f0                CDC_CdScan
 .text          0x06019820      0x3a0 ../sbl6/segalib/lib/sega_cdc.a(cdc_cmn.o)
                0x060199c4                CDC_TgetToc
                0x06019b68                CDC_DataEnd
                0x06019888                CDC_GetPeriStat
                0x06019afc                CDC_DataReady
                0x06019ad4                CDC_CdOpen
                0x06019a50                CDC_CdInit
                0x06019a14                CDC_GetSes
                0x06019870                CDC_GetLastStat
                0x06019820                CDC_GetCurStat
                0x0601995c                CDC_GetHwInfo
 .text          0x06019bc0      0x152 ../sbl6/segalib/lib/sega_cdc.a(cdc_sub.o)
                0x06019c68                CDSUB_GetCdstat
                0x06019bd8                CDSUB_UpdCdstat
                0x06019ca8                CDSUB_RspToCdstat
                0x06019cf0                CDSUB_SoftTimer
                0x06019bc0                CDSUB_UpdStatus
                0x06019bf8                CDSUB_CdCmd
 *fill*         0x06019d12        0xe 00
 .text          0x06019d20      0x2dc ../sbl6/segalib/lib/sega_cdc.a(cdc_reg.o)
                0x06019d74                CDREG_ClrHirqReq
                0x06019d44                CDC_ClrHirqReq
                0x06019df4                CDREG_TgetData
                0x06019de4                CDC_GetMpegPtr
                0x06019dc0                CDC_GetHirqMsk
                0x06019d20                CDC_GetDataPtr
                0x06019d30                CDC_GetHirqReq
                0x06019f50                CDREG_WaitHirq
                0x06019dd4                CDC_SetHirqMsk
                0x06019e50                CDREG_CmdRsp
                0x06019d84                CDREG_InitHirqReq
                0x06019dac                CDREG_SetHirqFlag
                0x06019fc0                CDREG_ReadRsp
 *fill*         0x06019ffc        0x4 00
 .text          0x0601a000      0xf50 ../sbl6/segalib/lib/sega_per.a(per_prt.o)
                0x0601a420                PER_IntFunc
                0x0601a218                PER_LGetPer
                0x0601a000                PER_LInit
 .text          0x0601af50     0x1b04 ../sbl6/segalib/lib/sega_sat.a(gfs.o)
                0x0601af50                gfs_version
                0x0601c1c4                gfs_mngGetNumFile
                0x0601c944                gfs_closeSub
                0x0601bce0                GFS_SetGmode
                0x0601bf9c                GFS_SetErrFunc
                0x0601c0ec                gfs_mngSetupFuncTbl
                0x0601b2a8                GFS_Reset
                0x0601c014                gfs_chgRoot
                0x0601c0e0                gfs_aborttrans
                0x0601c3c4                gfs_svrAddHndl
                0x0601c274                gfs_mngFreeGrp
                0x0601bfec                GFS_ConvTno
                0x0601c578                gfs_getRootDir
                0x0601bfc8                GFS_GetErrStat
                0x0601b418                GFS_Seek
                0x0601ba84                GFS_NwStop
                0x0601c280                gfs_mngTermAccess
                0x0601b32c                GFS_Open
                0x0601c22c                GFS_mngAllocGrp
                0x0601c98c                gfs_isTaskDone
                0x0601b784                GFS_Fread
                0x0601bee4                GFS_StartTrans
                0x0601c8e0                gfs_GetFinfo
                0x0601c120                gfs_mngInitWork
                0x0601b570                GFS_ByteToSct
                0x0601c384                gfs_svrSearchHndl
                0x0601c674                gfs_loadRootDir
                0x0601b1cc                GFS_IdToName
                0x0601b8c8                GFS_NwFread
                0x0601be14                GFS_SetTransPara
                0x0601b9d4                GFS_NwCdRead
                0x0601c4b4                gfs_loadVol
                0x0601bdb0                GFS_SetReadPara
                0x0601b4cc                GFS_Tell
                0x0601bd44                GFS_SetTmode
                0x0601c848                GFS_GetFad
                0x0601be80                GFS_SetTrFunc
                0x0601bf30                GFS_CdMovePickup
                0x0601b168                GFS_NameToId
                0x0601bb9c                GFS_NwExecOne
                0x0601c6fc                gfs_flowIn
                0x0601b624                GFS_GetFileInfo
                0x0601c7a4                gfs_transData
                0x0601c400                gfs_svrRemoveHndl
                0x0601ba4c                GFS_NwIsComplete
                0x0601c980                gfs_getGmode
                0x0601baf0                GFS_NwGetStat
                0x0601c45c                GFS_OpenSub
                0x0601b100                GFS_SetDir
                0x0601b5cc                GFS_GetFileSize
                0x0601b698                GFS_GetNumCdbuf
                0x0601c9e0                gfs_convFinStat
                0x0601b6c0                GFS_Load
                0x0601b820                gfs_waitRead
                0x0601b058                GFS_LoadDir
                0x0601b238                GFS_GetDirInfo
                0x0601b3e0                GFS_Close
                0x0601af70                GFS_Init
                0x0601bb6c                gfs_recovRdErr
                0x0601c304                gfs_mngSetErrCode
                0x0601bc5c                GFS_NwExecServer
                0x0601b51c                GFS_IsEof
                0x0601c8a0                gfs_SetSct
 *fill*         0x0601ca54        0xc 00
 .text          0x0601ca60       0x90 ../sbl6/segalib/lib/sega_sat.a(DMA_CPU1.o)
                0x0601ca60                DMA_CpuMemCopy1
 .text          0x0601caf0       0x50 ../sbl6/segalib/lib/sega_sat.a(DMA_CPU5.o)
                0x0601caf0                DMA_CpuResult
 .text          0x0601cb40      0x1f4 ../sbl6/segalib/lib/sega_sat.a(DMA_SCU1.o)
                0x0601cc9c                DMA_ScuResult
                0x0601cb40                DMA_ScuInit
                0x0601cb90                DMA_ScuMemCopy
 *fill*         0x0601cd34        0xc 00
 .text          0x0601cd40      0x8d4 ../sbl6/segalib/lib/sega_sat.a(gfs_cdf.o)
                0x0601d234                GFCF_Seek
                0x0601d33c                GFCF_GetStat
                0x0601d21c                GFCF_Tell
                0x0601cde0                GFCF_Setup
                0x0601d2e8                GFCF_cnvIntlvOfs
                0x0601cd40                GFCF_Init
                0x0601d1d4                GFCF_Recover
                0x0601cf28                GFCF_SetSct
                0x0601d24c                GFCF_MovePickup
                0x0601d410                gfcf_isCdOk
                0x0601cfe0                GFCF_FlowInBuf
                0x0601cf6c                GFCF_GetFileInfo
                0x0601d134                GFCF_StopInBuf
                0x0601d3d4                gfcf_getSctSize
                0x0601d4d0                gfcf_getPlayRange
 *fill*         0x0601d614        0xc 00
 .text          0x0601d620      0x928 ../sbl6/segalib/lib/sega_sat.a(gfs_dir.o)
                0x0601db10                gfdr_setNextRec
                0x0601df0c                gfdr_setDirrecCd
                0x0601d908                gfdr_open
                0x0601d71c                GFDR_GetAtrDirId
                0x0601d9f0                gfdr_readByte
                0x0601d620                GFDR_SetupDirTbl
                0x0601dae8                gfdr_readLongNM
                0x0601db94                gfdr_readDirEnt
                0x0601d74c                GFDR_ChgRoot
                0x0601d694                GFDR_NameToId
                0x0601d7d8                gfdr_setupDirIdTbl
                0x0601d734                GFDR_GetAtrDirName
                0x0601d6f4                GFDR_GetInfoDirId
                0x0601da9c                gfdr_readLongNB
                0x0601d930                gfdr_read
                0x0601da1c                gfdr_readWord
                0x0601d85c                gfdr_setupDirNameTbl
                0x0601d708                GFDR_GetInfoDirName
                0x0601d764                GFDR_ChgDir
                0x0601da48                gfdr_readWordNB
 *fill*         0x0601df48        0x8 00
 .text          0x0601df50      0xa46 ../sbl6/segalib/lib/sega_sat.a(gfs_trn.o)
                0x0601e030                GFTR_SetTransMax
                0x0601e400                gftr_execScu
                0x0601e984                GFTR_SetTransFunc
                0x0601e84c                gftr_remTrn
                0x0601e970                GFTR_SetData
                0x0601e670                gftr_execSdma1
                0x0601e8c0                gftr_copyFrac
                0x0601e024                GFTR_GetNumTrans
                0x0601dfc4                GFTR_SetMode
                0x0601e640                gftr_remDma0
                0x0601e8e8                GFTR_GetLenData
                0x0601e3f4                gftr_reqScu
                0x0601e658                gftr_reqDma1
                0x0601e310                gftr_getSrcPack
                0x0601e940                GFTR_RtnDstPk
                0x0601e4dc                gfdma_exec
                0x0601e774                gftr_execTrn
                0x0601e208                GFTR_ExecSvr
                0x0601e704                gftr_reqTrn
                0x0601e5cc                gfdma_getBytecnt
                0x0601e6ac                gftr_reqCpu
                0x0601e90c                GFTR_GetDstPack
                0x0601e604                gftr_reqDma0
                0x0601e190                GFTR_Idle
                0x0601e048                GFTR_Pause
                0x0601e018                GFTR_GetTransPara
                0x0601e6f8                gftr_remCpu
                0x0601dfe4                GFTR_SetTransPara
                0x0601e694                gftr_remDma1
                0x0601e054                GFTR_Stop
                0x0601e61c                gftr_execSdma0
                0x0601df80                GFTR_Setup
                0x0601e49c                gftr_remScu
                0x0601e398                gftr_getDstPack
                0x0601e4d0                gfdma_canUse
                0x0601e10c                GFTR_Exec
                0x0601e95c                GFTR_GetData
                0x0601e03c                GFTR_Start
                0x0601dfd8                GFTR_SetUnit
                0x0601e6b8                gftr_execCpu
                0x0601e8f4                GFTR_GetLenRoom
 *fill*         0x0601e996        0xa 00
 .text          0x0601e9a0      0x106 ../sbl6/segalib/lib/sega_sat.a(gfs_buf.o)
                0x0601e9f8                GFBF_GetNumData
                0x0601ea74                GFBF_RtnPk
                0x0601ea28                GFBF_GetSrcPk
                0x0601ea9c                gfbf_getSctDt
                0x0601e9d0                GFBF_GetTranData
                0x0601ea50                GFBF_GetSctData
 *fill*         0x0601eaa6        0xa 00
 .text          0x0601eab0      0x600 ../sbl6/segalib/lib/sega_sat.a(gfs_cdb.o)
                0x0601f058                GFCB_GetPickup
                0x0601ebd0                GFCB_Close
                0x0601ee9c                GFCB_GetSrcPack
                0x0601f024                GFCB_SetCon
                0x0601eca4                GFCB_GetLenRoom
                0x0601f008                GFCB_MovePickup
                0x0601ef7c                GFCB_GetSctData
                0x0601ecb0                GFCB_SetFilt
                0x0601ebf8                GFCB_GetLenData
                0x0601f098                GFCB_UngetPickup
                0x0601eab0                GFCB_Setup
                0x0601ed40                GFCB_Tell
                0x0601f080                GFCB_IsPuOwner
                0x0601eda0                GFCB_Seek
                0x0601ed18                GFCB_DeleteAllData
                0x0601efb4                GFCB_GetDstPack
                0x0601ed50                gfcb_getSctNum
                0x0601efc0                GFCB_RtnPk
 .text          0x0601f0b0     0x1a04 ../sbl6/segalib/lib/sega_sat.a(gfs_cdc.o)
                0x0601f34c                GFCD_AllocBuf
                0x06020128                gfcd_doGetLenDataTsk
                0x060209c4                GFCD_SetCsctFunc
                0x0601f424                GFCD_GetBaseFad
                0x0601f5a0                GFCD_GetFilt
                0x060205b4                gfcd_doChgDirTsk
                0x060208f4                gfcd_checkEflag
                0x0601f8e8                GFCD_MovePickup
                0x0601f9cc                GFCD_GetSctInfo
                0x0602027c                gfcd_doReqDataTsk
                0x0601fa14                GFCD_ChgDir
                0x0601f708                GFCD_ReqData
                0x060209e0                GFCD_ChkScdqFlag
                0x0601fe98                GFCD_WaitServer
                0x0601f7ac                GFCD_DelSctData
                0x0601fc84                GFCD_ExecServer
                0x06020098                gfcd_doSetConTsk
                0x0601f2e0                GFCD_AllocFilt
                0x0601f4dc                GFCD_SetFilt
                0x0601fed4                gfcd_doSetFiltTsk
                0x06020a04                GFCD_ClrScdqFlag
                0x0602031c                gfcd_doDelSctDataTsk
                0x0601fde0                gfcd_doTask
                0x0601f458                GFCD_GetPickup
                0x0601f9a8                GFCD_CheckMove
                0x06020a20                GFCD_WaitScdqFlag
                0x0601f640                GFCD_Play
                0x06020450                gfcd_doMoveSctTsk
                0x0601f5e8                GFCD_SetCon
                0x0601fa88                GFCD_SetFiltCon
                0x06020a64                GFCD_WaitPause
                0x0601fc4c                GFCD_GetBufSiz
                0x0601f48c                GFCD_UngetPickup
                0x0601fb70                GFCD_GetFileInfo
                0x0601f764                GFCD_EndData
                0x0601f380                GFCD_FreeBuf
                0x0601f6a0                GFCD_GetLenData
                0x0601f31c                GFCD_FreeFilt
                0x0601fd58                gfcd_isIdleTask
                0x0601f0dc                GFCD_Init
                0x060207b0                gfcd_doSetFiltConTsk
                0x0601f834                GFCD_GetStat
                0x0601f934                GFCD_MoveSctData
                0x0601f4b8                GFCD_IsPuOwner
                0x06020918                gfcd_initCdbMng
                0x0601f0b0                GFCD_SetCdbfs
                0x0601fe84                GFCD_SetTimer
                0x06020998                gfcd_setStat
                0x0601f804                GFCD_CheckDelSctData
 *fill*         0x06020ab4        0xc 00
 .text          0x06020ac0      0x1b6 ../sbl6/segalib/lib/sega_sat.a(DMA_CPU0.o)
                0x06020b08                DMA_CpuSetPrm
                0x06020c0c                DMA_CpuStart
                0x06020c64                DMA_CpuGetStatus
                0x06020c38                DMA_CpuAllStop
                0x06020c4c                DMA_CpuGetComStatus
                0x06020ac0                DMA_CpuSetComPrm
                0x06020c20                DMA_CpuStop
 *fill*         0x06020c76        0xa 00
 .text          0x06020c80       0xe8 ../sbl6/segalib/lib/sega_sat.a(csh_main.o)
                0x06020c80                CSH_Init
                0x06020ce8                CSH_AllClr
                0x06020d34                CSH_Purge
 *fill*         0x06020d68        0x8 00
 .text          0x06020d70      0x308 ../sbl6/segalib/lib/sega_sat.a(DMA_SCU0.o)
                0x06020df4                DMA_ScuStart
                0x06020f28                DMA_ScuIntFunc0
                0x06020f98                DMA_ScuIntFunc1
                0x06021008                DMA_ScuIntFunc2
                0x06020ee8                DMA_ScuGetStatus
                0x06020d70                DMA_ScuSetPrm
 *fill*         0x06021078        0x8 00
 .text          0x06021080      0x194 ../sbl6/segalib/lib/sega_sat.a(cdc_cfs.o)
                0x06021080                CDC_ChgDir
                0x060210b4                CDC_ReadDir
                0x060211d8                CDC_AbortFile
                0x060210e8                CDC_GetFileScope
                0x06021148                CDC_TgetFileInfo
                0x060211a4                CDC_ReadFile
 *fill*         0x06021214        0xc 00
 .text          0x06021220      0x1e4 ../sbl6/segalib/lib/sega_sat.a(cdc_bio.o)
                0x060212cc                CDC_GetdelSctData
                0x06021254                CDC_GetSctData
                0x06021308                CDC_PutSctData
                0x06021384                CDC_MoveSctData
                0x060213c8                CDC_GetCopyErr
                0x06021290                CDC_DelSctData
                0x06021220                CDC_SetSctLen
                0x06021340                CDC_CopySctData
 *fill*         0x06021404        0xc 00
 .text          0x06021410      0x2b8 ../sbl6/segalib/lib/sega_sat.a(cdc_sel.o)
                0x06021640                CDC_GetFiltCon
                0x060215bc                CDC_GetFiltMode
                0x06021694                CDC_ResetSelector
                0x06021410                CDC_SetFiltRange
                0x0602149c                CDC_SetFiltSubh
                0x0602150c                CDC_GetFiltSubh
                0x06021444                CDC_GetFiltRange
                0x06021588                CDC_SetFiltMode
                0x06021600                CDC_SetFiltCon
 *fill*         0x060216c8        0x8 00
 .text          0x060216d0      0x270 ../sbl6/segalib/lib/sega_sat.a(cdc_bif.o)
                0x0602172c                CDC_GetSctNum
                0x060218ac                CDC_ExeFadSearch
                0x0602182c                CDC_GetSctInfo
                0x06021770                CDC_CalActSiz
                0x060216d0                CDC_GetBufSiz
                0x060217ac                CDC_GetActSiz
                0x060218e4                CDC_GetFadSearch
 .text          0x06021940       0xa8 ../sbl6/segalib/lib/sega_sat.a(cdc_dev.o)
                0x060219ac                CDC_CdGetLastBuf
                0x06021940                CDC_CdSetCon
                0x06021970                CDC_CdGetCon
 *fill*         0x060219e8        0x8 00
 .text          0x060219f0       0x60 c:/saturn/SH_COFF/sh-coff/bin/../lib/gcc/sh-coff/3.4-GNUSH_v0501\libgcc.a(_ashiftrt.o)
                0x060219fc                __ashiftrt_r4_27
                0x06021a30                __ashiftrt_r4_6
                0x06021a20                __ashiftrt_r4_14
                0x06021a12                __ashiftrt_r4_19
                0x06021a2a                __ashiftrt_r4_9
                0x06021a3e                __ashiftrt_r4_0
                0x060219f0                __ashiftrt_r4_31
                0x060219fe                __ashiftrt_r4_26
                0x06021a0c                __ashiftrt_r4_22
                0x06021a18                __ashiftrt_r4_16
                0x06021a24                __ashiftrt_r4_12
                0x060219f8                __ashiftrt_r4_29
                0x06021a16                __ashiftrt_r4_17
                0x060219f6                __ashiftrt_r4_30
                0x06021a32                __ashiftrt_r4_5
                0x06021a2c                __ashiftrt_r4_8
                0x060219f0                __ashiftrt_r4_32
                0x06021a00                __ashiftrt_r4_25
                0x06021a38                __ashiftrt_r4_2
                0x06021a02                __ashiftrt_r4_24
                0x06021a1e                __ashiftrt_r4_15
                0x06021a28                __ashiftrt_r4_10
                0x06021a3a                __ashiftrt_r4_1
                0x060219fa                __ashiftrt_r4_28
                0x06021a10                __ashiftrt_r4_20
                0x06021a2e                __ashiftrt_r4_7
                0x06021a22                __ashiftrt_r4_13
                0x06021a26                __ashiftrt_r4_11
                0x06021a34                __ashiftrt_r4_4
                0x06021a0a                __ashiftrt_r4_23
                0x06021a14                __ashiftrt_r4_18
                0x06021a0e                __ashiftrt_r4_21
                0x06021a36                __ashiftrt_r4_3
 .text          0x06021a50       0xa0 c:/saturn/SH_COFF/sh-coff/bin/../lib/gcc/sh-coff/3.4-GNUSH_v0501\libgcc.a(_sdivsi3.o)
                0x06021a50                __sdivsi3
 .text          0x06021af0       0x90 c:/saturn/SH_COFF/sh-coff/bin/../lib/gcc/sh-coff/3.4-GNUSH_v0501\libgcc.a(_ashiftrt_n.o)
                0x06021af0                __ashrsi3
 .text          0x06021b80       0x90 c:/saturn/SH_COFF/sh-coff/bin/../lib/gcc/sh-coff/3.4-GNUSH_v0501\libgcc.a(_ashiftlt.o)
                0x06021b80                __ashlsi3
 .text          0x06021c10       0xb0 c:/saturn/SH_COFF/sh-coff/bin/../lib/gcc/sh-coff/3.4-GNUSH_v0501\libgcc.a(_movstr.o)
                0x06021c50                __movstrSI16
                0x06021c24                __movstrSI60
                0x06021c30                __movstrSI48
                0x06021c2c                __movstrSI52
                0x06021c20                __movstrSI64
                0x06021c34                __movstrSI44
                0x06021c38                __movstrSI40
                0x06021c3c                __movstrSI36
                0x06021c70                __movstr
                0x06021c28                __movstrSI56
                0x06021c44                __movstrSI28
                0x06021c40                __movstrSI32
                0x06021c54                __movstrSI12
                0x06021c58                __movstrSI8
                0x06021c60                __movstrSI0
                0x06021c48                __movstrSI24
                0x06021c4c                __movstrSI20
                0x06021c5c                __movstrSI4
 .text          0x06021cc0       0xa0 c:/saturn/SH_COFF/sh-coff/bin/../lib/gcc/sh-coff/3.4-GNUSH_v0501\libgcc.a(__main.o)
                0x06021d34                __main
                0x06021cc0                __do_global_dtors
                0x06021cf4                __do_global_ctors
 .text          0x06021d60       0x70 c:/saturn/SH_COFF/sh-coff/bin/../lib/gcc/sh-coff/3.4-GNUSH_v0501\libgcc.a(_udivsi3.o)
                0x06021d82                __udivsi3
 .text          0x06021dd0      0x2e0 c:/saturn/SH_COFF/sh-coff/bin/../lib/gcc/sh-coff/3.4-GNUSH_v0501\libgcc.a(_mul_df.o)
                0x06021de0                __muldf3
 .text          0x060220b0       0xb0 c:/saturn/SH_COFF/sh-coff/bin/../lib/gcc/sh-coff/3.4-GNUSH_v0501\libgcc.a(_si_to_df.o)
                0x060220b0                __floatsidf
 .text          0x06022160       0x80 c:/saturn/SH_COFF/sh-coff/bin/../lib/gcc/sh-coff/3.4-GNUSH_v0501\libgcc.a(_df_to_si.o)
                0x06022160                __fixdfsi
 .text          0x060221e0      0x120 c:/saturn/SH_COFF/sh-coff/bin/../lib/gcc/sh-coff/3.4-GNUSH_v0501\libgcc.a(_unpack_df.o)
                0x060221f0                __unpack_d
 .text          0x06022300      0x220 c:/saturn/SH_COFF/sh-coff/bin/../lib/gcc/sh-coff/3.4-GNUSH_v0501\libgcc.a(_pack_df.o)
                0x06022310                __pack_d
 .text          0x06022520       0x20 c:/saturn/SH_COFF/sh-coff/bin/../lib/gcc/sh-coff/3.4-GNUSH_v0501\libgcc.a(_thenan_df.o)
                0x06022520                __thenan_df
 .text          0x06022540       0xd0 c:/saturn/SH_COFF/sh-coff/bin/../lib/gcc/sh-coff/3.4-GNUSH_v0501\libgcc.a(_muldi3.o)
                0x06022540                __muldi3
 .text          0x06022610       0x80 c:/saturn/SH_COFF/sh-coff/bin/../lib/gcc/sh-coff/3.4-GNUSH_v0501\libgcc.a(_lshrdi3.o)
                0x06022610                __lshrdi3
 .text          0x06022690       0x80 c:/saturn/SH_COFF/sh-coff/bin/../lib/gcc/sh-coff/3.4-GNUSH_v0501\libgcc.a(_ashldi3.o)
                0x06022690                __ashldi3
 .text          0x06022710       0x30 c:/saturn/SH_COFF/sh-coff/bin/../lib/gcc/sh-coff/3.4-GNUSH_v0501\libgcc.a(_mulsi3.o)
                0x06022710                __mulsi3
 .text          0x06022740       0x90 c:/saturn/SH_COFF/sh-coff/bin/../lib/gcc/sh-coff/3.4-GNUSH_v0501\libgcc.a(_lshiftrt.o)
                0x06022740                __lshrsi3
 .text          0x060227d0       0xa0 c:/saturn/SH_COFF/sh-coff/bin/../lib/gcc/sh-coff/3.4-GNUSH_v0501/../../../../sh-coff/lib\libc.a(memcpy.o)
                0x060227d0                memcpy
 .text          0x06022870       0x40 c:/saturn/SH_COFF/sh-coff/bin/../lib/gcc/sh-coff/3.4-GNUSH_v0501/../../../../sh-coff/lib\libc.a(memset.o)
                0x06022870                memset
 .text          0x060228b0       0x60 c:/saturn/SH_COFF/sh-coff/bin/../lib/gcc/sh-coff/3.4-GNUSH_v0501/../../../../sh-coff/lib\libc.a(memcmp.o)
                0x060228b0                memcmp
 .text          0x06022910       0xb0 c:/saturn/SH_COFF/sh-coff/bin/../lib/gcc/sh-coff/3.4-GNUSH_v0501/../../../../sh-coff/lib\libc.a(strncmp.o)
                0x06022910                strncmp
 .text          0x060229c0       0xa0 c:/saturn/SH_COFF/sh-coff/bin/../lib/gcc/sh-coff/3.4-GNUSH_v0501/../../../../sh-coff/lib\libc.a(strncpy.o)
                0x060229c0                strncpy
 .text          0x06022a60       0x90 c:/saturn/SH_COFF/sh-coff/bin/../lib/gcc/sh-coff/3.4-GNUSH_v0501/../../../../sh-coff/lib\libc.a(atexit.o)
                0x06022a60                atexit
 .text          0x06022af0       0x10 c:/saturn/SH_COFF/sh-coff/bin/../lib/gcc/sh-coff/3.4-GNUSH_v0501/../../../../sh-coff/lib\libc.a(impure.o)
                0x06022af0                _global_impure_ptr
 .text          0x06022b00       0x40 c:/saturn/SH_COFF/sh-coff/bin/../lib/gcc/sh-coff/3.4-GNUSH_v0501/../../../../sh-coff/lib\libc.a(malloc.o)
                0x06022b1c                free
                0x06022b00                malloc
 .text          0x06022b40      0x5b0 c:/saturn/SH_COFF/sh-coff/bin/../lib/gcc/sh-coff/3.4-GNUSH_v0501/../../../../sh-coff/lib\libc.a(mallocr.o)
                0x06022b40                _malloc_r
 .text          0x060230f0      0x340 c:/saturn/SH_COFF/sh-coff/bin/../lib/gcc/sh-coff/3.4-GNUSH_v0501/../../../../sh-coff/lib\libc.a(freer.o)
                0x060230f0                _malloc_trim_r
                0x060231e4                _free_r
 .text          0x06023430       0x20 c:/saturn/SH_COFF/sh-coff/bin/../lib/gcc/sh-coff/3.4-GNUSH_v0501/../../../../sh-coff/lib\libc.a(mlock.o)
                0x06023430                __malloc_lock
                0x0602343c                __malloc_unlock
 .text          0x06023450       0x50 c:/saturn/SH_COFF/sh-coff/bin/../lib/gcc/sh-coff/3.4-GNUSH_v0501/../../../../sh-coff/lib\libc.a(sbrkr.o)
                0x06023450                _sbrk_r
 .text          0x060234a0      0x380 c:/saturn/SH_COFF/sh-coff/bin/../lib/gcc/sh-coff/3.4-GNUSH_v0501/../../../../sh-coff/lib\libc.a(syscalls.o)
                0x0602360c                _exit
                0x06023640                _getpid
                0x060236a8                _utime
                0x060234d8                _write
                0x060234a0                _read
                0x060235f4                _unlink
                0x060235bc                _open
                0x06023658                _stat
                0x06023600                isatty
                0x060236d8                _wait
                0x06023624                _kill
                0x06023674                _chmod
                0x06023708                _execv
                0x060236ec                _execve
                0x060237e4                __setup_argv_and_call_main
                0x06023740                _gettimeofday
                0x0602350c                _link
                0x0602364c                _raise
                0x060235d8                _creat
                0x06023720                _pipe
                0x0602368c                _chown
                0x060234bc                _lseek
                0x060234f4                _close
                0x06023734                _times
                0x060235a8                _fstat
                0x060236c4                _fork
                0x06023534                _sbrk
 .text          0x06023820       0x20 c:/saturn/SH_COFF/sh-coff/bin/../lib/gcc/sh-coff/3.4-GNUSH_v0501/../../../../sh-coff/lib\libc.a(trap.o)
                0x06023820                __trap34
 .text          0x06023840       0x20 c:/saturn/SH_COFF/sh-coff/bin/../lib/gcc/sh-coff/3.4-GNUSH_v0501/../../../../sh-coff/lib\libc.a(abort.o)
                0x06023840                abort
 .text          0x06023860      0x270 c:/saturn/SH_COFF/sh-coff/bin/../lib/gcc/sh-coff/3.4-GNUSH_v0501/../../../../sh-coff/lib\libc.a(signal.o)
                0x06023920                _raise_r
                0x06023aa8                __sigtramp
                0x06023a54                raise
                0x06023a90                _init_signal
                0x060239e0                __sigtramp_r
                0x06023a70                signal
                0x060238ac                _signal_r
                0x06023860                _init_signal_r
 .text          0x06023ad0       0x60 c:/saturn/SH_COFF/sh-coff/bin/../lib/gcc/sh-coff/3.4-GNUSH_v0501/../../../../sh-coff/lib\libc.a(signalr.o)
                0x06023b18                _getpid_r
                0x06023ad0                _kill_r
 *(.strings)

.tors           0x06023b30        0x0
                0x06023b30                ___ctors = .
 *(.ctors)
                0x06023b30                ___ctors_end = .
                0x06023b30                ___dtors = .
 *(.dtors)
                0x06023b30                ___dtors_end = .

.data           0x06023b30     0x1540
                0x06023b30                STARTOF_R = .
 *(.data)
 .data          0x06023b30      0x400 ../sbl6/segasmp/per/smpclib/per_x1.o
 .data          0x06023f30       0x60 graphics.o
                0x06023f7a                font_height
                0x06023f70                font_name
                0x06023f7c                font_width
                0x06023f80                font_num
                0x06023f30                font_pal
                0x06023f7e                font_size
 .data          0x06023f90       0x10 pcmsys.o
                0x06023f94                scsp_load
                0x06023f98                m68k_com
                0x06023f90                master_volume
 .data          0x06023fa0      0x430 scroll.o
                0x060243c8                cpz_num
                0x06023fa0                CycleTb
                0x06023fb0                vram
                0x06023fc0                cpz_pal
                0x060243c0                cpz_name
 .data          0x060243d0       0x30 sprite.o
 .data          0x06024400      0x400 ../sbl6/segalib/lib/sega_int.a(int.o)
 .data          0x06024800       0x1c ../sbl6/segalib/lib/sega_spr.a(spr_slv.o)
                0x06024808                SPR_SlaveParam
                0x06024818                SPR_SMPC_SF
                0x06024810                SPR_SMPC_COM
                0x0602480c                SPR_SlaveSHEntry
                0x06024804                SPR_SlaveState
                0x06024800                SPR_SlaveCommand
                0x06024814                SPR_SMPC_RET
 *fill*         0x0602481c        0x4 00
 .data          0x06024820       0x34 ../sbl6/segalib/lib/sega_spr.a(spr_1c.o)
                0x06024820                SpInitialFlag
 *fill*         0x06024854        0xc 00
 .data          0x06024860       0x1c ../sbl6/segalib/lib/sega_scl.a(scl_vblv.o)
                0x06024868                VBInterval
                0x06024870                ReqDisplayFlag
                0x06024860                SpFrameChgMode
                0x0602486c                VBIntervalCounter
                0x06024864                SpFrameEraseMode
 *fill*         0x0602487c        0x4 00
 .data          0x06024880       0x36 ../sbl6/segalib/lib/sega_scl.a(scl_func.o)
                0x06024890                SclRotregBuff
                0x0602488c                SclDisplayY
                0x06024894                SclRotateTableMode
                0x06024888                SclProcess
                0x06024884                SclCurSclNum
                0x06024880                SclLengthLsTbl
                0x0602488a                SclDisplayX
                0x06024882                SclLengthCsTbl
 *fill*         0x060248b6        0xa 00
 .data          0x060248c0       0x18 ../sbl6/segalib/lib/sega_scl.a(scl_pri.o)
                0x060248c4                SclRealSpPriNum
                0x060248d4                SclRealColOffset
                0x060248d0                SclRealBgColMix
                0x060248cc                SclRealSpColMix
                0x060248c8                SclRealBgPriNum
                0x060248c0                SclRealOtherPri
 *fill*         0x060248d8        0x8 00
 .data          0x060248e0      0x380 c:/saturn/SH_COFF/sh-coff/bin/../lib/gcc/sh-coff/3.4-GNUSH_v0501/../../../../sh-coff/lib\libc.a(impure.o)
                0x06024c5c                _impure_ptr
 .data          0x06024c60      0x410 c:/saturn/SH_COFF/sh-coff/bin/../lib/gcc/sh-coff/3.4-GNUSH_v0501/../../../../sh-coff/lib\libc.a(mallocr.o)
                0x06024c68                __malloc_av_
                0x06024c64                __malloc_trim_threshold
                0x06024c60                __malloc_sbrk_base
                0x06025070                SIZEOF_R = (. - STARTOF_R)
                0x06025070                ENDOF_R = .

.bss            0x06025070    0x18724
                0x06025070                STARTOF_B = .
 *(.bss)
 .bss           0x06025070       0x10 vblank.o
                0x06025074                PadData2E
                0x0602507a                PadData1
                0x06025076                PadData2
                0x06025078                PadData1E
                0x06025070                __port
 .bss           0x06025080       0xd0 ../sbl6/segasmp/per/smpclib/per_x2.o
 .bss           0x06025150       0x10 pcmsys.o
                0x06025150                numberPCMs
 .bss           0x06025160       0x40 scroll.o
                0x06025178                map_tiles_x
                0x06025180                scrolls_y
                0x06025160                scroll_ysize
                0x06025170                map_tiles_y
                0x06025168                copy_modes
                0x06025190                scrolls_x
                0x06025164                scroll_xsize
 .bss           0x060251a0     0x3800 sprite.o
                0x060251a0                num_sprites
 .bss           0x060289a0       0x10 main.o
                0x060289a0                frame
 .bss           0x060289b0       0x6e ../sbl6/segalib/lib/sega_spr.a(spr_2c.o)
 *fill*         0x06028a1e        0x2 00
 .bss           0x06028a20        0x4 ../sbl6/segalib/lib/sega_scl.a(scl_vblv.o)
 *fill*         0x06028a24        0xc 00
 .bss           0x06028a30        0x4 ../sbl6/segalib/lib/sega_scl.a(scl_func.o)
 *fill*         0x06028a34        0xc 00
 .bss           0x06028a40     0x1900 ../sbl6/segalib/lib/sega_scl.a(scl_fu05.o)
 .bss           0x0602a340       0x48 ../sbl6/segalib/lib/sega_scl.a(scl_ro00.o)
 *fill*         0x0602a388        0x8 00
 .bss           0x0602a390        0xc ../sbl6/segalib/lib/sega_cdc.a(cdc_sub.o)
 *fill*         0x0602a39c        0x4 00
 .bss           0x0602a3a0        0x2 ../sbl6/segalib/lib/sega_cdc.a(cdc_reg.o)
 *fill*         0x0602a3a2        0xe 00
 .bss           0x0602a3b0       0x9c ../sbl6/segalib/lib/sega_per.a(per_prt.o)
 *fill*         0x0602a44c        0x4 00
 .bss           0x0602a450        0xc ../sbl6/segalib/lib/sega_sat.a(DMA_SCU1.o)
 *fill*         0x0602a45c        0x4 00
 .bss           0x0602a460        0xc ../sbl6/segalib/lib/sega_sat.a(gfs_trn.o)
 *fill*         0x0602a46c        0x4 00
 .bss           0x0602a470       0x20 ../sbl6/segalib/lib/sega_sat.a(DMA_SCU0.o)
 .bss           0x0602a490       0x10 c:/saturn/SH_COFF/sh-coff/bin/../lib/gcc/sh-coff/3.4-GNUSH_v0501\libgcc.a(__main.o)
 .bss           0x0602a4a0       0x10 c:/saturn/SH_COFF/sh-coff/bin/../lib/gcc/sh-coff/3.4-GNUSH_v0501/../../../../sh-coff/lib\libc.a(atexit.o)
 .bss           0x0602a4b0       0x40 c:/saturn/SH_COFF/sh-coff/bin/../lib/gcc/sh-coff/3.4-GNUSH_v0501/../../../../sh-coff/lib\libc.a(mallocr.o)
                0x0602a4e0                __malloc_top_pad
                0x0602a4b0                __malloc_current_mallinfo
                0x0602a4dc                __malloc_max_sbrked_mem
                0x0602a4d8                __malloc_max_total_mem
 .bss           0x0602a4f0       0x10 c:/saturn/SH_COFF/sh-coff/bin/../lib/gcc/sh-coff/3.4-GNUSH_v0501/../../../../sh-coff/lib\libc.a(syscalls.o)
 *(COMMON)
 COMMON         0x0602a500     0x1674 cd.o
                                  0x0 (size before relaxing)
                0x0602a500                dirname
                0x0602ae60                lib_work
                0x0602bb68                directory_table
 *fill*         0x0602bb74        0xc 00
 COMMON         0x0602bb80      0x8c0 print.o
                                  0x0 (size before relaxing)
                0x0602bb80                text
 COMMON         0x0602c440     0xe46c scroll.o
                                  0x0 (size before relaxing)
                0x0602c440                line_param0
                0x0602dd50                scfg3
                0x0602dde0                scfg0
                0x0602de70                maps
                0x0602de80                scfg2
                0x0602df10                chunk_defs
                0x06035f10                block_defs
                0x06038f10                line_param1
                0x0603a820                scfg1
 *fill*         0x0603a8ac        0x4 00
 COMMON         0x0603a8b0     0x1460 sprite.o
                                  0x0 (size before relaxing)
                0x0603a8b0                sprites
                0x0603ad10                image_buf
 COMMON         0x0603bd10      0x400 ../sbl6/segalib/lib/sega_int.a(int.o)
                                  0x0 (size before relaxing)
                0x0603bd10                __interrupt_vector
 COMMON         0x0603c110       0x50 ../sbl6/segalib/lib/sega_spr.a(spr_2c.o)
                                  0x0 (size before relaxing)
                0x0603c110                SpMstCmd
                0x0603c114                Sp2OpenFlag
                0x0603c118                SpGourTblMax
                0x0603c11c                SpDrawPrtyBlk
                0x0603c120                SpLCoordX
                0x0603c124                SpMstDrawPrtyBlk
                0x0603c128                SpGourTbl
                0x0603c12c                SpLookupTblR
                0x0603c130                SpCmdTbl
                0x0603c134                SpCharMax
                0x0603c138                SpDrawPrtyProcFlag
                0x0603c13c                SpCmdNo
                0x0603c140                SpDrawPrtyBlkMax
                0x0603c144                SpSlvCmdPos
                0x0603c148                SpSlvDrawPrtyBlk
                0x0603c14c                SpCharTbl
                0x0603c150                SpCmdTblR
                0x0603c154                SpMstCmdPos
                0x0603c158                SpSlvCmd
                0x0603c15c                SpLCoordY
 COMMON         0x0603c160       0x10 ../sbl6/segalib/lib/sega_spr.a(spr_1c.o)
                                  0x0 (size before relaxing)
                0x0603c160                SpScreenY
                0x0603c164                SpFbcrMode
                0x0603c166                SpDil
                0x0603c168                SpDie
                0x0603c16a                SpTvMode
                0x0603c16c                SpScreenX
 COMMON         0x0603c170      0xf00 ../sbl6/segalib/lib/sega_scl.a(scl_func.o)
                                  0x0 (size before relaxing)
                0x0603c170                SclRbgKtbAddr
                0x0603c178                SclRb
                0x0603c17a                Scl_flag
                0x0603c180                SclK_TableBuff
                0x0603ce50                SclAddrCsTbl
                0x0603ce60                Scl_s_reg
                0x0603ce88                SclRotateXy
                0x0603ce90                Scl_d_reg
                0x0603ced8                SclRotateDisp
                0x0603cee0                SclRotateMoveZ
                0x0603cee8                SclRotXySw
                0x0603cef0                Scl_r_reg
                0x0603cf00                SclRPMD
                0x0603cf08                SclRbgKtbOffset
                0x0603cf10                _SclRotregBuff
                0x0603cfe0                SclRa
                0x0603cfe8                SclRotateZ
                0x0603cff0                SclAddrLsTbl
                0x0603cff8                SclK_TableNum
                0x0603d000                SclRotateTableAddress
                0x0603d004                SclK_TableFlag
                0x0603d010                Scl_w_reg
                0x0603d030                Scl_n_reg
 COMMON         0x0603d070      0x6b0 ../sbl6/segalib/lib/sega_scl.a(scl_pri.o)
                                  0x0 (size before relaxing)
                0x0603d070                SclAutoEndBlue2
                0x0603d080                SclColOffset
                0x0603d090                SclPriBuffDirty
                0x0603d092                SclAutoEndRed
                0x0603d094                SclAutoSurface
                0x0603d098                SclAutoGreen
                0x0603d09a                SclAutoEndGreen
                0x0603d09c                SclAutoCount
                0x0603d0a0                SclColRamAlloc256
                0x0603d0c0                SclAutoCurRate
                0x0603d0c1                SclAutoPlusFlag
                0x0603d0c8                SclSpColMix
                0x0603d0d0                SclAutoMax
                0x0603d0d4                SclLineColRamOffset
                0x0603d0d8                SclColRamAlloc2048
                0x0603d0dc                SclBgPriNum
                0x0603d0e2                SclAutoEndBlue
                0x0603d0e4                SclAutoEndGreen2
                0x0603d0e6                SclAutoVeFlag
                0x0603d0e8                SclBgColMix
                0x0603d0f0                SclAutoIndex
                0x0603d0f4                SclAutoEndRate
                0x0603d0f6                SclAutoBlue
                0x0603d0f8                SclAutoRed
                0x0603d0fc                SclAutoInterval
                0x0603d100                SclOtherPri
                0x0603d110                SclAutoRGB
                0x0603d710                SclAutoEndRed2
                0x0603d718                SclSpPriNum
 COMMON         0x0603d720       0x10 ../sbl6/segalib/lib/sega_scl.a(scl_ro00.o)
                                  0x0 (size before relaxing)
                0x0603d720                SclCsx
                0x0603d728                SclCsy
 COMMON         0x0603d730       0x15 ../sbl6/segalib/lib/sega_per.a(per_prt.o)
                                  0x0 (size before relaxing)
                0x0603d730                per_get_time_flg
                0x0603d731                per_hot_res
                0x0603d732                per_set_sys_flg
                0x0603d734                per_get_time_adr
                0x0603d738                per_get_sys_data
                0x0603d744                per_time_out_flg
 *fill*         0x0603d745        0xb 00
 COMMON         0x0603d750        0xc ../sbl6/segalib/lib/sega_sat.a(gfs.o)
                                  0x0 (size before relaxing)
                0x0603d750                GFMC_base
                0x0603d754                gfs_mng_ptr
                0x0603d758                gfs_use_scudma
 *fill*         0x0603d75c        0x4 00
 COMMON         0x0603d760        0x8 ../sbl6/segalib/lib/sega_sat.a(DMA_CPU5.o)
                                  0x0 (size before relaxing)
                0x0603d760                dma_cpu_cnt
                0x0603d764                dma_cpu_dis_adr
 *fill*         0x0603d768        0x8 00
 COMMON         0x0603d770        0x8 ../sbl6/segalib/lib/sega_sat.a(gfs_cdf.o)
                                  0x0 (size before relaxing)
                0x0603d770                gfcf_fad
                0x0603d774                gfcf_stat
 *fill*         0x0603d778        0x8 00
 COMMON         0x0603d780        0xc ../sbl6/segalib/lib/sega_sat.a(gfs_cdc.o)
                                  0x0 (size before relaxing)
                0x0603d780                gfcd_fatal_err
                0x0603d784                gfcd_work
                0x0603d788                gfcd_playflag
 *fill*         0x0603d78c        0x4 00
 COMMON         0x0603d790        0x4 c:/saturn/SH_COFF/sh-coff/bin/../lib/gcc/sh-coff/3.4-GNUSH_v0501/../../../../sh-coff/lib\libc.a(syscalls.o)
                                  0x0 (size before relaxing)
                0x0603d790                errno
                0x0603d794                SIZEOF_B = (. - STARTOF_B)
                0x0603d794                ENDOF_B = .
                0x0603d794                _end = .
OUTPUT(main.cof coff-sh)

.comment        0x0603d7a0      0x480
 .comment       0x0603d7a0       0x20 ../sbl6/segasmp/lib/strt2_g.o
 .comment       0x0603d7c0       0x20 vblank.o
 .comment       0x0603d7e0       0x20 ../sbl6/segasmp/per/smpclib/per_x1.o
 .comment       0x0603d800       0x20 ../sbl6/segasmp/per/smpclib/per_x2.o
 .comment       0x0603d820       0x20 cd.o
 .comment       0x0603d840       0x20 graphics.o
 .comment       0x0603d860       0x20 pcmsys.o
 .comment       0x0603d880       0x20 print.o
 .comment       0x0603d8a0       0x20 scroll.o
 .comment       0x0603d8c0       0x20 sound.o
 .comment       0x0603d8e0       0x20 sprite.o
 .comment       0x0603d900       0x20 main.o
 .comment       0x0603d920       0x20 c:/saturn/SH_COFF/sh-coff/bin/../lib/gcc/sh-coff/3.4-GNUSH_v0501\libgcc.a(__main.o)
 .comment       0x0603d940       0x20 c:/saturn/SH_COFF/sh-coff/bin/../lib/gcc/sh-coff/3.4-GNUSH_v0501\libgcc.a(_mul_df.o)
 .comment       0x0603d960       0x20 c:/saturn/SH_COFF/sh-coff/bin/../lib/gcc/sh-coff/3.4-GNUSH_v0501\libgcc.a(_si_to_df.o)
 .comment       0x0603d980       0x20 c:/saturn/SH_COFF/sh-coff/bin/../lib/gcc/sh-coff/3.4-GNUSH_v0501\libgcc.a(_df_to_si.o)
 .comment       0x0603d9a0       0x20 c:/saturn/SH_COFF/sh-coff/bin/../lib/gcc/sh-coff/3.4-GNUSH_v0501\libgcc.a(_unpack_df.o)
 .comment       0x0603d9c0       0x20 c:/saturn/SH_COFF/sh-coff/bin/../lib/gcc/sh-coff/3.4-GNUSH_v0501\libgcc.a(_pack_df.o)
 .comment       0x0603d9e0       0x20 c:/saturn/SH_COFF/sh-coff/bin/../lib/gcc/sh-coff/3.4-GNUSH_v0501\libgcc.a(_thenan_df.o)
 .comment       0x0603da00       0x20 c:/saturn/SH_COFF/sh-coff/bin/../lib/gcc/sh-coff/3.4-GNUSH_v0501\libgcc.a(_muldi3.o)
 .comment       0x0603da20       0x20 c:/saturn/SH_COFF/sh-coff/bin/../lib/gcc/sh-coff/3.4-GNUSH_v0501\libgcc.a(_lshrdi3.o)
 .comment       0x0603da40       0x20 c:/saturn/SH_COFF/sh-coff/bin/../lib/gcc/sh-coff/3.4-GNUSH_v0501\libgcc.a(_ashldi3.o)
 .comment       0x0603da60       0x20 c:/saturn/SH_COFF/sh-coff/bin/../lib/gcc/sh-coff/3.4-GNUSH_v0501/../../../../sh-coff/lib\libc.a(memcmp.o)
 .comment       0x0603da80       0x20 c:/saturn/SH_COFF/sh-coff/bin/../lib/gcc/sh-coff/3.4-GNUSH_v0501/../../../../sh-coff/lib\libc.a(strncmp.o)
 .comment       0x0603daa0       0x20 c:/saturn/SH_COFF/sh-coff/bin/../lib/gcc/sh-coff/3.4-GNUSH_v0501/../../../../sh-coff/lib\libc.a(strncpy.o)
 .comment       0x0603dac0       0x20 c:/saturn/SH_COFF/sh-coff/bin/../lib/gcc/sh-coff/3.4-GNUSH_v0501/../../../../sh-coff/lib\libc.a(atexit.o)
 .comment       0x0603dae0       0x20 c:/saturn/SH_COFF/sh-coff/bin/../lib/gcc/sh-coff/3.4-GNUSH_v0501/../../../../sh-coff/lib\libc.a(impure.o)
 .comment       0x0603db00       0x20 c:/saturn/SH_COFF/sh-coff/bin/../lib/gcc/sh-coff/3.4-GNUSH_v0501/../../../../sh-coff/lib\libc.a(malloc.o)
 .comment       0x0603db20       0x20 c:/saturn/SH_COFF/sh-coff/bin/../lib/gcc/sh-coff/3.4-GNUSH_v0501/../../../../sh-coff/lib\libc.a(mallocr.o)
 .comment       0x0603db40       0x20 c:/saturn/SH_COFF/sh-coff/bin/../lib/gcc/sh-coff/3.4-GNUSH_v0501/../../../../sh-coff/lib\libc.a(freer.o)
 .comment       0x0603db60       0x20 c:/saturn/SH_COFF/sh-coff/bin/../lib/gcc/sh-coff/3.4-GNUSH_v0501/../../../../sh-coff/lib\libc.a(mlock.o)
 .comment       0x0603db80       0x20 c:/saturn/SH_COFF/sh-coff/bin/../lib/gcc/sh-coff/3.4-GNUSH_v0501/../../../../sh-coff/lib\libc.a(sbrkr.o)
 .comment       0x0603dba0       0x20 c:/saturn/SH_COFF/sh-coff/bin/../lib/gcc/sh-coff/3.4-GNUSH_v0501/../../../../sh-coff/lib\libc.a(syscalls.o)
 .comment       0x0603dbc0       0x20 c:/saturn/SH_COFF/sh-coff/bin/../lib/gcc/sh-coff/3.4-GNUSH_v0501/../../../../sh-coff/lib\libc.a(abort.o)
 .comment       0x0603dbe0       0x20 c:/saturn/SH_COFF/sh-coff/bin/../lib/gcc/sh-coff/3.4-GNUSH_v0501/../../../../sh-coff/lib\libc.a(signal.o)
 .comment       0x0603dc00       0x20 c:/saturn/SH_COFF/sh-coff/bin/../lib/gcc/sh-coff/3.4-GNUSH_v0501/../../../../sh-coff/lib\libc.a(signalr.o)
