Archive member included because of file (symbol)

../sbl6/segalib/lib/sega_int.a(int.o)
                              vblank.o (INT_SetScuFunc)
../sbl6/segalib/lib/sega_int.a(int_trmp.o)
                              ../sbl6/segalib/lib/sega_int.a(int.o) (__interrupt_handler0)
../sbl6/segalib/lib/sega_spr.a(spr_2c.o)
                              sprite.o (SPR_2Initial)
../sbl6/segalib/lib/sega_spr.a(spr_slv.o)
                              ../sbl6/segalib/lib/sega_spr.a(spr_2c.o) (SPR_InitSlaveSH)
../sbl6/segalib/lib/sega_spr.a(spr_1c.o)
                              ../sbl6/segalib/lib/sega_spr.a(spr_2c.o) (SPR_Initial)
../sbl6/segalib/lib/sega_spr.a(spr_2a.o)
                              ../sbl6/segalib/lib/sega_spr.a(spr_2c.o) (SPR_2SetDrawPrty)
../sbl6/segalib/lib/sega_scl.a(scl_vblv.o)
                              ../sbl6/segalib/lib/sega_spr.a(spr_1c.o) (SpFrameChgMode)
../sbl6/segalib/lib/sega_scl.a(scl_func.o)
                              sprite.o (SCL_Vdp2Init)
../sbl6/segalib/lib/sega_scl.a(scl_pr03.o)
                              scroll.o (SCL_AllocColRam)
../sbl6/segalib/lib/sega_scl.a(scl_pr02.o)
                              scroll.o (SCL_SetColRam)
../sbl6/segalib/lib/sega_scl.a(scl_back.o)
                              scroll.o (SCL_SetBack)
../sbl6/segalib/lib/sega_scl.a(scl_fu03.o)
                              scroll.o (SCL_InitConfigTb)
../sbl6/segalib/lib/sega_scl.a(scl_fu02.o)
                              scroll.o (SCL_InitVramConfigTb)
../sbl6/segalib/lib/sega_scl.a(scl_fu04.o)
                              scroll.o (SCL_SetCycleTable)
../sbl6/segalib/lib/sega_scl.a(scl_pr07.o)
                              scroll.o (SCL_SetPriority)
../sbl6/segalib/lib/sega_scl.a(scl_pr09.o)
                              scroll.o (SCL_SetColMixMode)
../sbl6/segalib/lib/sega_scl.a(scl_pri.o)
                              ../sbl6/segalib/lib/sega_scl.a(scl_func.o) (SclRealOtherPri)
../sbl6/segalib/lib/sega_scl.a(scl_fu05.o)
                              scroll.o (SCL_SetLineParam)
../sbl6/segalib/lib/sega_scl.a(scl_pr01.o)
                              main.o (SCL_SetSpriteMode)
../sbl6/segalib/lib/sega_scl.a(scl_ro00.o)
                              ../sbl6/segalib/lib/sega_scl.a(scl_func.o) (SCL_Rotate)
../sbl6/segalib/lib/sega_scl.a(scl_pr06.o)
                              ../sbl6/segalib/lib/sega_scl.a(scl_pr03.o) (SCL_SetColRamOffset)
../sbl6/segalib/lib/sega_scl.a(scl_pr05.o)
                              ../sbl6/segalib/lib/sega_scl.a(scl_pr02.o) (SCL_GetColRamOffset)
../sbl6/segalib/lib/sega_mth.a(mth_fixd.o)
                              scroll.o (MTH_Mul)
../sbl6/segalib/lib/sega_mth.a(mth_tri.o)
                              sprite.o (MTH_Sin)
../sbl6/segalib/lib/sega_cdc.a(cdc_drv.o)
                              sound.o (CDC_CdPlay)
../sbl6/segalib/lib/sega_cdc.a(cdc_cmn.o)
                              main.o (CDC_GetPeriStat)
../sbl6/segalib/lib/sega_cdc.a(cdc_sub.o)
                              ../sbl6/segalib/lib/sega_cdc.a(cdc_cmn.o) (CDSUB_UpdStatus)
../sbl6/segalib/lib/sega_cdc.a(cdc_reg.o)
                              ../sbl6/segalib/lib/sega_cdc.a(cdc_cmn.o) (CDREG_ClrHirqReq)
../sbl6/segalib/lib/sega_per.a(per_prt.o)
                              ../sbl6/segasmp/per/smpclib/per_x2.o (PER_LInit)
../sbl6/segalib/lib/sega_sat.a(gfs.o)
                              cd.o (GFS_Init)
../sbl6/segalib/lib/sega_sat.a(DMA_CPU1.o)
                              pcmsys.o (DMA_CpuMemCopy1)
../sbl6/segalib/lib/sega_sat.a(DMA_CPU5.o)
                              pcmsys.o (DMA_CpuResult)
../sbl6/segalib/lib/sega_sat.a(DMA_SCU1.o)
                              ../sbl6/segalib/lib/sega_spr.a(spr_2c.o) (DMA_ScuMemCopy)
../sbl6/segalib/lib/sega_sat.a(gfs_cdf.o)
                              ../sbl6/segalib/lib/sega_sat.a(gfs.o) (GFCF_Init)
../sbl6/segalib/lib/sega_sat.a(gfs_dir.o)
                              ../sbl6/segalib/lib/sega_sat.a(gfs.o) (GFDR_SetupDirTbl)
../sbl6/segalib/lib/sega_sat.a(gfs_trn.o)
                              ../sbl6/segalib/lib/sega_sat.a(gfs.o) (GFTR_Setup)
../sbl6/segalib/lib/sega_sat.a(gfs_buf.o)
                              ../sbl6/segalib/lib/sega_sat.a(gfs.o) (GFBF_GetNumData)
../sbl6/segalib/lib/sega_sat.a(gfs_cdb.o)
                              ../sbl6/segalib/lib/sega_sat.a(gfs_cdf.o) (GFCB_Setup)
../sbl6/segalib/lib/sega_sat.a(gfs_cdc.o)
                              ../sbl6/segalib/lib/sega_sat.a(gfs.o) (GFCD_SetCdbfs)
../sbl6/segalib/lib/sega_sat.a(DMA_CPU0.o)
                              ../sbl6/segalib/lib/sega_sat.a(DMA_CPU1.o) (DMA_CpuSetComPrm)
../sbl6/segalib/lib/sega_sat.a(csh_main.o)
                              ../sbl6/segalib/lib/sega_sat.a(DMA_CPU5.o) (CSH_Purge)
../sbl6/segalib/lib/sega_sat.a(DMA_SCU0.o)
                              ../sbl6/segalib/lib/sega_sat.a(DMA_SCU1.o) (DMA_ScuSetPrm)
../sbl6/segalib/lib/sega_sat.a(cdc_cfs.o)
                              ../sbl6/segalib/lib/sega_sat.a(gfs_cdc.o) (CDC_ChgDir)
[...]
Memory Configuration

Name             Origin             Length             Attributes
*default*        0x00000000         0xffffffff

Linker script and memory map

LOAD ../sbl6/segasmp/lib/strt1_g.o
LOAD ../sbl6/segasmp/lib/strt2_g.o
LOAD vblank.o
LOAD ../sbl6/segasmp/per/smpclib/per_x1.o
LOAD ../sbl6/segasmp/per/smpclib/per_x2.o
LOAD ../sbl6/segasmp/per/smpclib/per_x3.o
LOAD cd.o
LOAD graphics.o
LOAD pcmsys.o
LOAD print.o
LOAD scroll.o
LOAD sonic.o
LOAD sound.o
LOAD sprite.o
LOAD main.o
LOAD ../sbl6/segalib/lib/sega_int.a
LOAD ../sbl6/segalib/lib/sega_spr.a
LOAD ../sbl6/segalib/lib/sega_scl.a
LOAD ../sbl6/segalib/lib/sega_mth.a
LOAD ../sbl6/segalib/lib/sega_cdc.a
LOAD ../sbl6/segalib/lib/sega_adp.a
LOAD ../sbl6/segalib/lib/sega_per.a
LOAD ../sbl6/segalib/lib/sega_sat.a
LOAD c:/saturn/SH_COFF/sh-coff/bin/../lib/gcc/sh-coff/3.4-GNUSH_v0501\libgcc.a
LOAD c:/saturn/SH_COFF/sh-coff/bin/../lib/gcc/sh-coff/3.4-GNUSH_v0501/../../../../sh-coff/lib\libc.a
LOAD c:/saturn/SH_COFF/sh-coff/bin/../lib/gcc/sh-coff/3.4-GNUSH_v0501\libgcc.a

.text           0x06010000    0x14620
 *(.text)
 .text          0x06010000       0x30 ../sbl6/segasmp/lib/strt1_g.o
                0x06010024                _D_END
                0x06010020                _D_BGN
                0x0601002c                _B_END
                0x06010028                _B_BGN
                0x06010000                START
 .text          0x06010030       0x60 ../sbl6/segasmp/lib/strt2_g.o
                0x06010050                _INITSCT
                0x06010030                _INIT
 .text          0x06010090      0x1a0 vblank.o
                0x06010090                SetVblank
                0x06010130                UsrVblankOut
                0x060100f0                UsrVblankIn
 .text          0x06010230      0x430 ../sbl6/segasmp/per/smpclib/per_x1.o
                0x060105c4                PER_GetAnalogXYZ
                0x06010254                PER_GetTriggerHandler
                0x060104ee                PER_GetEdge
                0x0601046c                PER_GetTrigger
                0x06010518                PER_GetPressEdge
                0x0601056c                PER_GetReleaseEdge
                0x06010230                PER_SetTriggerHandler
 .text          0x06010660      0x200 ../sbl6/segasmp/per/smpclib/per_x2.o
                0x06010764                PER_GetDeviceA
                0x06010660                PER_OpenPort
                0x06010698                PER_GetPort
                0x060107de                PER_GetDeviceR
 .text          0x06010860       0x20 ../sbl6/segasmp/per/smpclib/per_x3.o
                0x06010860                PER_DisguiseTrigger
 .text          0x06010880      0x120 cd.o
                0x06010920                cd_load_nosize
                0x06010880                cd_init
                0x060108b0                cd_load
 .text          0x060109a0      0x8a0 pcmsys.o
                0x06011050                load_8bit_pcm
                0x06010dc0                smpc_issue_command
                0x06010e70                load_drv
                0x060111d0                pcm_parameter_change
                0x06010da0                smpc_wait_till_ready
                0x06010de0                load_driver_binary
                0x06011190                pcm_play
                0x06011200                pcm_cease
                0x06010ec0                calculate_bytes_per_blank
                0x06010f00                load_16bit_pcm
 .text          0x06011240      0x170 print.o
                0x06011310                print_display
                0x06011280                print_num
                0x06011240                print_init
                0x060112d0                print_string
 .text          0x060113b0      0xef0 scroll.o
                0x06011590                scroll_move
                0x06011ba0                scroll_get
                0x06011ea0                scroll_copy
                0x06011d90                scroll_angle
                0x060116a0                scroll_set
                0x060113b0                scroll_load_block
                0x06011510                scroll_load_chunk
                0x060121e0                scroll_linescroll4
                0x06011810                scroll_init
                0x060116d0                scroll_scale
                0x06011cf0                scroll_height
 .text          0x060122a0      0x3c0 sonic.o
                0x060122a0                sonic_init
                0x06012360                sonic_collision
                0x06012610                sonic_display
                0x06012410                sonic_move
                0x060122e0                sensor_check
 .text          0x06012660      0x180 sound.o
                0x060127c0                sound_play
                0x06012690                sound_init
                0x06012780                sound_cdda
 .text          0x060127e0      0x610 sprite.o
                0x06012810                sprite_init
                0x06012c00                sprite_make
                0x06012d60                sprite_next
                0x06012dc0                sprite_delete
                0x06012c50                sprite_draw_all
                0x060127e0                sprite_deleteall
                0x060129b0                sprite_draw
 .text          0x06012df0       0xf0 main.o
                0x06012df0                main
 .text          0x06012ee0       0x40 ../sbl6/segalib/lib/sega_int.a(int.o)
                0x06012f0c                INT_GetScuFunc
                0x06012ee0                INT_SetScuFunc
 .text          0x06012f20      0x624 ../sbl6/segalib/lib/sega_int.a(int_trmp.o)
                0x06013088                __interrupt_handler60
                0x06013238                __interrupt_handler132
                0x060133ee                __interrupt_handler205
                0x06013256                __interrupt_handler137
                0x06013184                __interrupt_handler102
                0x06012fc2                __interrupt_handler27
                0x060133c4                __interrupt_handler198
                0x060132b6                __interrupt_handler153
                0x06012f9e                __interrupt_handler21
                0x060130ac                __interrupt_handler66
                0x0601319c                __interrupt_handler106
                0x060132e6                __interrupt_handler161
                0x06013130                __interrupt_handler88
                0x060132fe                __interrupt_handler165
                0x0601320e                __interrupt_handler125
                0x06012f44                __interrupt_handler6
                0x06012fe0                __interrupt_handler32
                0x0601339a                __interrupt_handler191
                0x060134b4                __interrupt_handler238
                0x060134cc                __interrupt_handler242
                0x060132d4                __interrupt_handler158
                0x0601313c                __interrupt_handler90
                0x060132f8                __interrupt_handler164
                0x0601301c                __interrupt_handler42
                0x0601335e                __interrupt_handler181
                0x06013466                __interrupt_handler225
                0x0601350e                __interrupt_handler253
                0x06013322                __interrupt_handler171
                0x060130dc                __interrupt_handler74
                0x06012f32                __interrupt_handler3
                0x06013076                __interrupt_handler57
                0x06012f74                __interrupt_handler14
                0x0601340c                __interrupt_handler210
                0x0601343c                __interrupt_handler218
                0x06013400                __interrupt_handler208
                0x06013004                __interrupt_handler38
                0x06012f20                __interrupt_handler0
                0x06013190                __interrupt_handler104
                0x060132ce                __interrupt_handler157
                0x0601341e                __interrupt_handler213
                0x06013310                __interrupt_handler168
                0x0601311e                __interrupt_handler85
                0x060131ba                __interrupt_handler111
                0x060131cc                __interrupt_handler114
                0x0601303a                __interrupt_handler47
                0x06013490                __interrupt_handler232
                0x0601345a                __interrupt_handler223
                0x060134ae                __interrupt_handler237
                0x0601309a                __interrupt_handler63
                0x06013028                __interrupt_handler44
                0x0601333a                __interrupt_handler175
                0x06013364                __interrupt_handler182
                0x0601337c                __interrupt_handler186
                0x0601327a                __interrupt_handler143
                0x060131a2                __interrupt_handler107
                0x06013208                __interrupt_handler124
                0x06013328                __interrupt_handler172
                0x060134de                __interrupt_handler245
                0x0601315a                __interrupt_handler95
                0x06013232                __interrupt_handler131
                0x06013244                __interrupt_handler134
                0x06013262                __interrupt_handler139
                0x060130d0                __interrupt_handler72
                0x0601348a                __interrupt_handler231
                0x060132e0                __interrupt_handler160
                0x06013226                __interrupt_handler129
                0x06012f98                __interrupt_handler20
                0x060130a6                __interrupt_handler65
                0x06013070                __interrupt_handler56
                0x06012f6e                __interrupt_handler13
                0x06013406                __interrupt_handler209
                0x060131c0                __interrupt_handler112
                0x06012f92                __interrupt_handler19
                0x0601314e                __interrupt_handler93
                0x060133b8                __interrupt_handler196
                0x060132aa                __interrupt_handler151
                0x0601330a                __interrupt_handler167
                0x06013520                __trampoline
                0x06012f86                __interrupt_handler17
                0x06013478                __interrupt_handler228
                0x0601351a                __interrupt_handler255
                0x060134d8                __interrupt_handler244
                0x06013172                __interrupt_handler99
                0x0601336a                __interrupt_handler183
                0x06013268                __interrupt_handler140
                0x0601338e                __interrupt_handler189
                0x0601328c                __interrupt_handler146
                0x06013454                __interrupt_handler222
                0x060132c8                __interrupt_handler156
                0x060131fc                __interrupt_handler122
                0x060134f0                __interrupt_handler248
                0x06013040                __interrupt_handler48
                0x060130be                __interrupt_handler69
                0x06012fb0                __interrupt_handler24
                0x06013136                __interrupt_handler89
                0x0601342a                __interrupt_handler215
                0x06013514                __interrupt_handler254
                0x0601312a                __interrupt_handler87
                0x0601308e                __interrupt_handler61
                0x060133b2                __interrupt_handler195
                0x060132a4                __interrupt_handler150
                0x06013016                __interrupt_handler41
                0x060131b4                __interrupt_handler110
                0x0601321a                __interrupt_handler127
                0x060131a8                __interrupt_handler108
                0x060131c6                __interrupt_handler113
                0x060131d8                __interrupt_handler116
                0x060131f6                __interrupt_handler121
                0x060130ee                __interrupt_handler77
                0x0601300a                __interrupt_handler39
                0x06013022                __interrupt_handler43
                0x060134f6                __interrupt_handler249
                0x06013334                __interrupt_handler174
                0x06013250                __interrupt_handler136
                0x06013388                __interrupt_handler188
                0x06013286                __interrupt_handler145
                0x06012f56                __interrupt_handler9
                0x060130fa                __interrupt_handler79
                0x06013472                __interrupt_handler227
                0x06012fec                __interrupt_handler34
                0x0601322c                __interrupt_handler130
                0x060134ea                __interrupt_handler247
                0x060130e2                __interrupt_handler75
                0x0601332e                __interrupt_handler173
                0x0601305e                __interrupt_handler53
                0x0601329e                __interrupt_handler149
                0x06013502                __interrupt_handler251
                0x06013496                __interrupt_handler233
                0x06012f5c                __interrupt_handler10
                0x060133e8                __interrupt_handler204
                0x0601310c                __interrupt_handler82
                0x06013112                __interrupt_handler83
                0x06012fb6                __interrupt_handler25
                0x060134d2                __interrupt_handler243
                0x060132ec                __interrupt_handler162
                0x06013034                __interrupt_handler46
                0x0601334c                __interrupt_handler178
                0x06013100                __interrupt_handler80
                0x06013094                __interrupt_handler62
                0x06012f2c                __interrupt_handler2
                0x06012fce                __interrupt_handler29
                0x060130c4                __interrupt_handler70
                0x060131ae                __interrupt_handler109
                0x06013298                __interrupt_handler148
                0x06013154                __interrupt_handler94
                0x06013460                __interrupt_handler224
                0x0601318a                __interrupt_handler103
                0x06012ff8                __interrupt_handler36
                0x06013214                __interrupt_handler126
                0x060134e4                __interrupt_handler246
                0x0601306a                __interrupt_handler55
                0x06012f68                __interrupt_handler12
                0x06013058                __interrupt_handler52
                0x06013382                __interrupt_handler187
                0x06013280                __interrupt_handler144
                0x060131de                __interrupt_handler117
                0x06012f8c                __interrupt_handler18
                0x060133be                __interrupt_handler197
                0x060132b0                __interrupt_handler152
                0x060131e4                __interrupt_handler118
                0x0601331c                __interrupt_handler170
                0x060133d6                __interrupt_handler201
                0x06013166                __interrupt_handler97
                0x060132f2                __interrupt_handler163
                0x06013358                __interrupt_handler180
                0x060133a0                __interrupt_handler192
                0x060134c0                __interrupt_handler240
                0x06013202                __interrupt_handler123
                0x06013424                __interrupt_handler214
                0x06012fda                __interrupt_handler31
                0x06012fc8                __interrupt_handler28
                0x060130b2                __interrupt_handler67
                0x060130b8                __interrupt_handler68
                0x06012fa4                __interrupt_handler22
                0x06012faa                __interrupt_handler23
                0x06013340                __interrupt_handler176
                0x06012f4a                __interrupt_handler7
                0x0601344e                __interrupt_handler221
                0x06013436                __interrupt_handler217
                0x0601347e                __interrupt_handler229
                0x06013046                __interrupt_handler49
                0x06012f38                __interrupt_handler4
                0x06013010                __interrupt_handler40
                0x060131d2                __interrupt_handler115
                0x060134a2                __interrupt_handler235
                0x06013142                __interrupt_handler91
                0x060133f4                __interrupt_handler206
                0x06013346                __interrupt_handler177
                0x06013292                __interrupt_handler147
                0x06012ffe                __interrupt_handler37
                0x060134fc                __interrupt_handler250
                0x06012f26                __interrupt_handler1
                0x06013442                __interrupt_handler219
                0x060130e8                __interrupt_handler76
                0x06013178                __interrupt_handler100
                0x0601307c                __interrupt_handler58
                0x06012f7a                __interrupt_handler15
                0x06013418                __interrupt_handler212
                0x060134c6                __interrupt_handler241
                0x060133dc                __interrupt_handler202
                0x060133a6                __interrupt_handler193
                0x060130f4                __interrupt_handler78
                0x0601304c                __interrupt_handler50
                0x06012fe6                __interrupt_handler33
                0x06013304                __interrupt_handler166
                0x0601325c                __interrupt_handler138
                0x0601324a                __interrupt_handler135
                0x06012fd4                __interrupt_handler30
                0x06013370                __interrupt_handler184
                0x0601326e                __interrupt_handler141
                0x06013484                __interrupt_handler230
                0x060134a8                __interrupt_handler236
                0x060131ea                __interrupt_handler119
                0x06013124                __interrupt_handler86
                0x06013196                __interrupt_handler105
                0x06013106                __interrupt_handler81
                0x060131f0                __interrupt_handler120
                0x06013220                __interrupt_handler128
                0x06013064                __interrupt_handler54
                0x06012f62                __interrupt_handler11
                0x060133ca                __interrupt_handler199
                0x060132bc                __interrupt_handler154
                0x0601302e                __interrupt_handler45
                0x06013430                __interrupt_handler216
                0x060133e2                __interrupt_handler203
                0x0601317e                __interrupt_handler101
                0x06013118                __interrupt_handler84
                0x06013376                __interrupt_handler185
                0x06013274                __interrupt_handler142
                0x06012fbc                __interrupt_handler26
                0x060130a0                __interrupt_handler64
                0x060133d0                __interrupt_handler200
                0x060133fa                __interrupt_handler207
                0x060133ac                __interrupt_handler194
                0x06013148                __interrupt_handler92
                0x060132c2                __interrupt_handler155
                0x06013412                __interrupt_handler211
                0x0601323e                __interrupt_handler133
                0x06012f3e                __interrupt_handler5
                0x060130d6                __interrupt_handler73
                0x06012f80                __interrupt_handler16
                0x060134ba                __interrupt_handler239
                0x0601349c                __interrupt_handler234
                0x06012ff2                __interrupt_handler35
                0x06013082                __interrupt_handler59
                0x06013316                __interrupt_handler169
                0x0601316c                __interrupt_handler98
                0x060130ca                __interrupt_handler71
                0x06013052                __interrupt_handler51
                0x060132da                __interrupt_handler159
                0x0601346c                __interrupt_handler226
                0x06013160                __interrupt_handler96
                0x06013394                __interrupt_handler190
                0x06013448                __interrupt_handler220
                0x06012f50                __interrupt_handler8
                0x06013352                __interrupt_handler179
                0x06013508                __interrupt_handler252
 *fill*         0x06013544        0xc 00
 .text          0x06013550     0x12a0 ../sbl6/segalib/lib/sega_spr.a(spr_2c.o)
                0x060147b0                SlaveFlushDrawPrtyBlock
                0x06013550                SPR_2Initial
                0x06013d94                SPR_2SysClip
                0x06013d34                SPR_2LocalCoord
                0x0601462c                SPR_2FlushDrawPrtyBlock
                0x06014318                SPR_2DistSpr
                0x06013d1c                SPR_2FlushDrawPrty
                0x0601443c                SPR_2Cmd
                0x06013a18                SPR_2GourTblNoToVram
                0x06013a78                SPR_2GetAreaSizeInfo
                0x060137e0                SPR_2SetGourTbl
                0x06013fcc                SPR_2Polygon
                0x06013a54                SPR_2CharNoToVram
                0x06013760                SPR_2SetTvMode
                0x06013bbc                SPR_2CloseCommand
                0x0601379c                SPR_2FrameEraseData
                0x06013578                SPR_2Initial2
                0x060141ac                SPR_2ScaleSpr
                0x06013e3c                SPR_2Line
                0x06013b08                SPR_2OpenCommand
                0x0601377c                SPR_2FrameChgIntr
                0x06014088                SPR_2NormSpr
                0x06013810                SPR_2SetLookupTbl
                0x06013844                SPR_2SetChar
                0x06013a3c                SPR_2LookupTblNoToVram
                0x06013f10                SPR_2PolyLine
                0x060139b0                SPR_2ClrAllChar
                0x06013964                SPR_2ClrChar
                0x06013de0                SPR_2UserClip
 .text          0x060147f0      0x1e6 ../sbl6/segalib/lib/sega_spr.a(spr_slv.o)
                0x06014954                SPR_WaitEndSlaveSH
                0x060147f0                SPR_SMPC_SSHON
                0x06014930                SPR_RunSlaveSH
                0x060147f4                SPR_InitSlaveSH
                0x060148bc                SPR_SlaveSHmain
                0x060147f1                SPR_SMPC_SSHOFF
 *fill*         0x060149d6        0xa 00
 .text          0x060149e0      0x36a ../sbl6/segalib/lib/sega_spr.a(spr_1c.o)
                0x06014c94                SPR_WaitDrawEnd
                0x06014cac                SPR_SetEosMode
                0x06014bc4                SPR_SetEraseData
                0x060149e0                SPR_Initial
                0x06014ab8                SPR_SetTvMode
                0x06014b50                SPR_GetStatus
 *fill*         0x06014d4a        0x6 00
 .text          0x06014d50      0x244 ../sbl6/segalib/lib/sega_spr.a(spr_2a.o)
                0x06014d62                sprMemCpyW
                0x06014dc0                flushDrawPrtyBlock
                0x06014d50                sprMemCpyL
                0x06014d74                SPR_2SetDrawPrty
 *fill*         0x06014f94        0xc 00
 .text          0x06014fa0      0x2fc ../sbl6/segalib/lib/sega_scl.a(scl_vblv.o)
                0x0601505c                SCL_DisplayFrame
                0x06014fa0                SCL_SetFrameInterval
                0x06015090                SCL_VblInit
                0x060150e0                SCL_VblankStart
                0x06015124                SCL_VblankEnd
 *fill*         0x0601529c        0x4 00
 .text          0x060152a0      0xb9c ../sbl6/segalib/lib/sega_scl.a(scl_func.o)
                0x06015c7c                SCL_Vdp2_SGLInit
                0x06015b8c                SCL_PriIntProc
                0x06015b04                SCL_Memcpyw
                0x06015e1c                SCL_SglOff
                0x06015dfc                SCL_SglOn
                0x06015a70                SCL_ScrollShow
                0x06015518                SCL_Close
                0x06015810                SCL_Scale
                0x060152a0                SCL_Vdp2Init
                0x06015684                SCL_Move
                0x0601594c                SCL_CopyReg
                0x060154f4                SCL_Open
                0x06015324                SCL_ParametersInit
                0x06015534                SCL_MoveTo
                0x06015b2c                SCL_SetColRamMode
 *fill*         0x06015e3c        0x4 00
 .text          0x06015e40      0x138 ../sbl6/segalib/lib/sega_scl.a(scl_pr03.o)
                0x06015e40                SCL_FreeColRam
                0x06015e78                SCL_AllocColRam
 *fill*         0x06015f78        0x8 00
 .text          0x06015f80       0x9c ../sbl6/segalib/lib/sega_scl.a(scl_pr02.o)
                0x06015f80                SCL_SetColRam
 *fill*         0x0601601c        0x4 00
 .text          0x06016020       0x84 ../sbl6/segalib/lib/sega_scl.a(scl_back.o)
                0x06016020                SCL_SetBack
 *fill*         0x060160a4        0xc 00
 .text          0x060160b0      0x94c ../sbl6/segalib/lib/sega_scl.a(scl_fu03.o)
                0x0601610c                SCL_SetConfig
                0x060160b0                SCL_InitConfigTb
 *fill*         0x060169fc        0x4 00
 .text          0x06016a00      0x4f4 ../sbl6/segalib/lib/sega_scl.a(scl_fu02.o)
                0x06016a38                SCL_SetVramConfig
                0x06016a00                SCL_InitVramConfigTb
 *fill*         0x06016ef4        0xc 00
 .text          0x06016f00       0x28 ../sbl6/segalib/lib/sega_scl.a(scl_fu04.o)
                0x06016f00                SCL_SetCycleTable
 *fill*         0x06016f28        0x8 00
 .text          0x06016f30      0x214 ../sbl6/segalib/lib/sega_scl.a(scl_pr07.o)
                0x06016f30                SCL_SetPriority
 *fill*         0x06017144        0xc 00
 .text          0x06017150       0x40 ../sbl6/segalib/lib/sega_scl.a(scl_pr09.o)
                0x06017150                SCL_SetColMixMode
 .text          0x06017190     0x10a4 ../sbl6/segalib/lib/sega_scl.a(scl_pri.o)
                0x06017224                SCL_AbortAutoVe
                0x060180d4                SCL_SetShadowBit
                0x0601769c                SCL_AutoExec
                0x06017190                SCL_PriorityInit
                0x06017bb0                SCL_IncColOffset
                0x06017238                SCL_SetColMixRate
                0x06017208                SCL_GetColRamMode
 *fill*         0x06018234        0xc 00
 .text          0x06018240      0x278 ../sbl6/segalib/lib/sega_scl.a(scl_fu05.o)
                0x060182fc                SCL_SetLineParam
                0x06018248                SCL_InitLineParamTb
 *fill*         0x060184b8        0x8 00
 .text          0x060184c0       0x58 ../sbl6/segalib/lib/sega_scl.a(scl_pr01.o)
                0x060184c0                SCL_SetSpriteMode
 *fill*         0x06018518        0x8 00
 .text          0x06018520     0x1394 ../sbl6/segalib/lib/sega_scl.a(scl_ro00.o)
                0x0601970c                SCL_RotateZD
                0x060189d4                SCL_Rotate
                0x060186a8                SCL_InitRotateTable
 *fill*         0x060198b4        0xc 00
 .text          0x060198c0      0x1b4 ../sbl6/segalib/lib/sega_scl.a(scl_pr06.o)
                0x060198c0                SCL_SetColRamOffset
 *fill*         0x06019a74        0xc 00
 .text          0x06019a80       0xac ../sbl6/segalib/lib/sega_scl.a(scl_pr05.o)
                0x06019a80                SCL_GetColRamOffset
 *fill*         0x06019b2c        0x4 00
 .text          0x06019b30       0xa4 ../sbl6/segalib/lib/sega_mth.a(mth_fixd.o)
                0x06019b80                MTH_FixedToInt
                0x06019b70                MTH_IntToFixed
                0x06019b30                MTH_Mul
                0x06019b90                MTH_Product
                0x06019b50                MTH_Div
 *fill*         0x06019bd4        0xc 00
 .text          0x06019be0      0x600 ../sbl6/segalib/lib/sega_mth.a(mth_tri.o)
                0x06019c7c                fcos
                0x06019c82                fsin
                0x06019c2c                MTH_Cos
                0x06019be0                MTH_Sin
                0x06019e20                MTH_Atan
 .text          0x0601a1e0      0x130 ../sbl6/segalib/lib/sega_cdc.a(cdc_drv.o)
                0x0601a1e0                CDC_CdPlay
                0x0601a2ac                CDC_CdSeek
                0x0601a2e0                CDC_CdScan
 .text          0x0601a310      0x3a0 ../sbl6/segalib/lib/sega_cdc.a(cdc_cmn.o)
                0x0601a4b4                CDC_TgetToc
                0x0601a658                CDC_DataEnd
                0x0601a378                CDC_GetPeriStat
                0x0601a5ec                CDC_DataReady
                0x0601a5c4                CDC_CdOpen
                0x0601a540                CDC_CdInit
                0x0601a504                CDC_GetSes
                0x0601a360                CDC_GetLastStat
                0x0601a310                CDC_GetCurStat
                0x0601a44c                CDC_GetHwInfo
 .text          0x0601a6b0      0x152 ../sbl6/segalib/lib/sega_cdc.a(cdc_sub.o)
                0x0601a758                CDSUB_GetCdstat
                0x0601a6c8                CDSUB_UpdCdstat
                0x0601a798                CDSUB_RspToCdstat
                0x0601a7e0                CDSUB_SoftTimer
                0x0601a6b0                CDSUB_UpdStatus
                0x0601a6e8                CDSUB_CdCmd
 *fill*         0x0601a802        0xe 00
 .text          0x0601a810      0x2dc ../sbl6/segalib/lib/sega_cdc.a(cdc_reg.o)
                0x0601a864                CDREG_ClrHirqReq
                0x0601a834                CDC_ClrHirqReq
                0x0601a8e4                CDREG_TgetData
                0x0601a8d4                CDC_GetMpegPtr
                0x0601a8b0                CDC_GetHirqMsk
                0x0601a810                CDC_GetDataPtr
                0x0601a820                CDC_GetHirqReq
                0x0601aa40                CDREG_WaitHirq
                0x0601a8c4                CDC_SetHirqMsk
                0x0601a940                CDREG_CmdRsp
                0x0601a874                CDREG_InitHirqReq
                0x0601a89c                CDREG_SetHirqFlag
                0x0601aab0                CDREG_ReadRsp
 *fill*         0x0601aaec        0x4 00
 .text          0x0601aaf0      0xf50 ../sbl6/segalib/lib/sega_per.a(per_prt.o)
                0x0601af10                PER_IntFunc
                0x0601ad08                PER_LGetPer
                0x0601aaf0                PER_LInit
 .text          0x0601ba40     0x1b04 ../sbl6/segalib/lib/sega_sat.a(gfs.o)
                0x0601ba40                gfs_version
                0x0601ccb4                gfs_mngGetNumFile
                0x0601d434                gfs_closeSub
                0x0601c7d0                GFS_SetGmode
                0x0601ca8c                GFS_SetErrFunc
                0x0601cbdc                gfs_mngSetupFuncTbl
                0x0601bd98                GFS_Reset
                0x0601cb04                gfs_chgRoot
                0x0601cbd0                gfs_aborttrans
                0x0601ceb4                gfs_svrAddHndl
                0x0601cd64                gfs_mngFreeGrp
                0x0601cadc                GFS_ConvTno
                0x0601d068                gfs_getRootDir
                0x0601cab8                GFS_GetErrStat
                0x0601bf08                GFS_Seek
                0x0601c574                GFS_NwStop
                0x0601cd70                gfs_mngTermAccess
                0x0601be1c                GFS_Open
                0x0601cd1c                GFS_mngAllocGrp
                0x0601d47c                gfs_isTaskDone
                0x0601c274                GFS_Fread
                0x0601c9d4                GFS_StartTrans
                0x0601d3d0                gfs_GetFinfo
                0x0601cc10                gfs_mngInitWork
                0x0601c060                GFS_ByteToSct
                0x0601ce74                gfs_svrSearchHndl
                0x0601d164                gfs_loadRootDir
                0x0601bcbc                GFS_IdToName
                0x0601c3b8                GFS_NwFread
                0x0601c904                GFS_SetTransPara
                0x0601c4c4                GFS_NwCdRead
                0x0601cfa4                gfs_loadVol
                0x0601c8a0                GFS_SetReadPara
                0x0601bfbc                GFS_Tell
                0x0601c834                GFS_SetTmode
                0x0601d338                GFS_GetFad
                0x0601c970                GFS_SetTrFunc
                0x0601ca20                GFS_CdMovePickup
                0x0601bc58                GFS_NameToId
                0x0601c68c                GFS_NwExecOne
                0x0601d1ec                gfs_flowIn
                0x0601c114                GFS_GetFileInfo
                0x0601d294                gfs_transData
                0x0601cef0                gfs_svrRemoveHndl
                0x0601c53c                GFS_NwIsComplete
                0x0601d470                gfs_getGmode
                0x0601c5e0                GFS_NwGetStat
                0x0601cf4c                GFS_OpenSub
                0x0601bbf0                GFS_SetDir
                0x0601c0bc                GFS_GetFileSize
                0x0601c188                GFS_GetNumCdbuf
                0x0601d4d0                gfs_convFinStat
                0x0601c1b0                GFS_Load
                0x0601c310                gfs_waitRead
                0x0601bb48                GFS_LoadDir
                0x0601bd28                GFS_GetDirInfo
                0x0601bed0                GFS_Close
                0x0601ba60                GFS_Init
                0x0601c65c                gfs_recovRdErr
                0x0601cdf4                gfs_mngSetErrCode
                0x0601c74c                GFS_NwExecServer
                0x0601c00c                GFS_IsEof
                0x0601d390                gfs_SetSct
 *fill*         0x0601d544        0xc 00
 .text          0x0601d550       0x90 ../sbl6/segalib/lib/sega_sat.a(DMA_CPU1.o)
                0x0601d550                DMA_CpuMemCopy1
 .text          0x0601d5e0       0x50 ../sbl6/segalib/lib/sega_sat.a(DMA_CPU5.o)
                0x0601d5e0                DMA_CpuResult
 .text          0x0601d630      0x1f4 ../sbl6/segalib/lib/sega_sat.a(DMA_SCU1.o)
                0x0601d78c                DMA_ScuResult
                0x0601d630                DMA_ScuInit
                0x0601d680                DMA_ScuMemCopy
 *fill*         0x0601d824        0xc 00
 .text          0x0601d830      0x8d4 ../sbl6/segalib/lib/sega_sat.a(gfs_cdf.o)
                0x0601dd24                GFCF_Seek
                0x0601de2c                GFCF_GetStat
                0x0601dd0c                GFCF_Tell
                0x0601d8d0                GFCF_Setup
                0x0601ddd8                GFCF_cnvIntlvOfs
                0x0601d830                GFCF_Init
                0x0601dcc4                GFCF_Recover
                0x0601da18                GFCF_SetSct
                0x0601dd3c                GFCF_MovePickup
                0x0601df00                gfcf_isCdOk
                0x0601dad0                GFCF_FlowInBuf
                0x0601da5c                GFCF_GetFileInfo
                0x0601dc24                GFCF_StopInBuf
                0x0601dec4                gfcf_getSctSize
                0x0601dfc0                gfcf_getPlayRange
 *fill*         0x0601e104        0xc 00
 .text          0x0601e110      0x928 ../sbl6/segalib/lib/sega_sat.a(gfs_dir.o)
                0x0601e600                gfdr_setNextRec
                0x0601e9fc                gfdr_setDirrecCd
                0x0601e3f8                gfdr_open
                0x0601e20c                GFDR_GetAtrDirId
                0x0601e4e0                gfdr_readByte
                0x0601e110                GFDR_SetupDirTbl
                0x0601e5d8                gfdr_readLongNM
                0x0601e684                gfdr_readDirEnt
                0x0601e23c                GFDR_ChgRoot
                0x0601e184                GFDR_NameToId
                0x0601e2c8                gfdr_setupDirIdTbl
                0x0601e224                GFDR_GetAtrDirName
                0x0601e1e4                GFDR_GetInfoDirId
                0x0601e58c                gfdr_readLongNB
                0x0601e420                gfdr_read
                0x0601e50c                gfdr_readWord
                0x0601e34c                gfdr_setupDirNameTbl
                0x0601e1f8                GFDR_GetInfoDirName
                0x0601e254                GFDR_ChgDir
                0x0601e538                gfdr_readWordNB
 *fill*         0x0601ea38        0x8 00
 .text          0x0601ea40      0xa46 ../sbl6/segalib/lib/sega_sat.a(gfs_trn.o)
                0x0601eb20                GFTR_SetTransMax
                0x0601eef0                gftr_execScu
                0x0601f474                GFTR_SetTransFunc
                0x0601f33c                gftr_remTrn
                0x0601f460                GFTR_SetData
                0x0601f160                gftr_execSdma1
                0x0601f3b0                gftr_copyFrac
                0x0601eb14                GFTR_GetNumTrans
                0x0601eab4                GFTR_SetMode
                0x0601f130                gftr_remDma0
                0x0601f3d8                GFTR_GetLenData
                0x0601eee4                gftr_reqScu
                0x0601f148                gftr_reqDma1
                0x0601ee00                gftr_getSrcPack
                0x0601f430                GFTR_RtnDstPk
                0x0601efcc                gfdma_exec
                0x0601f264                gftr_execTrn
                0x0601ecf8                GFTR_ExecSvr
                0x0601f1f4                gftr_reqTrn
                0x0601f0bc                gfdma_getBytecnt
                0x0601f19c                gftr_reqCpu
                0x0601f3fc                GFTR_GetDstPack
                0x0601f0f4                gftr_reqDma0
                0x0601ec80                GFTR_Idle
                0x0601eb38                GFTR_Pause
                0x0601eb08                GFTR_GetTransPara
                0x0601f1e8                gftr_remCpu
                0x0601ead4                GFTR_SetTransPara
                0x0601f184                gftr_remDma1
                0x0601eb44                GFTR_Stop
                0x0601f10c                gftr_execSdma0
                0x0601ea70                GFTR_Setup
                0x0601ef8c                gftr_remScu
                0x0601ee88                gftr_getDstPack
                0x0601efc0                gfdma_canUse
                0x0601ebfc                GFTR_Exec
                0x0601f44c                GFTR_GetData
                0x0601eb2c                GFTR_Start
                0x0601eac8                GFTR_SetUnit
                0x0601f1a8                gftr_execCpu
                0x0601f3e4                GFTR_GetLenRoom
 *fill*         0x0601f486        0xa 00
 .text          0x0601f490      0x106 ../sbl6/segalib/lib/sega_sat.a(gfs_buf.o)
                0x0601f4e8                GFBF_GetNumData
                0x0601f564                GFBF_RtnPk
                0x0601f518                GFBF_GetSrcPk
                0x0601f58c                gfbf_getSctDt
                0x0601f4c0                GFBF_GetTranData
                0x0601f540                GFBF_GetSctData
 *fill*         0x0601f596        0xa 00
 .text          0x0601f5a0      0x600 ../sbl6/segalib/lib/sega_sat.a(gfs_cdb.o)
                0x0601fb48                GFCB_GetPickup
                0x0601f6c0                GFCB_Close
                0x0601f98c                GFCB_GetSrcPack
                0x0601fb14                GFCB_SetCon
                0x0601f794                GFCB_GetLenRoom
                0x0601faf8                GFCB_MovePickup
                0x0601fa6c                GFCB_GetSctData
                0x0601f7a0                GFCB_SetFilt
                0x0601f6e8                GFCB_GetLenData
                0x0601fb88                GFCB_UngetPickup
                0x0601f5a0                GFCB_Setup
                0x0601f830                GFCB_Tell
                0x0601fb70                GFCB_IsPuOwner
                0x0601f890                GFCB_Seek
                0x0601f808                GFCB_DeleteAllData
                0x0601faa4                GFCB_GetDstPack
                0x0601f840                gfcb_getSctNum
                0x0601fab0                GFCB_RtnPk
 .text          0x0601fba0     0x1a04 ../sbl6/segalib/lib/sega_sat.a(gfs_cdc.o)
                0x0601fe3c                GFCD_AllocBuf
                0x06020c18                gfcd_doGetLenDataTsk
                0x060214b4                GFCD_SetCsctFunc
                0x0601ff14                GFCD_GetBaseFad
                0x06020090                GFCD_GetFilt
                0x060210a4                gfcd_doChgDirTsk
                0x060213e4                gfcd_checkEflag
                0x060203d8                GFCD_MovePickup
                0x060204bc                GFCD_GetSctInfo
                0x06020d6c                gfcd_doReqDataTsk
                0x06020504                GFCD_ChgDir
                0x060201f8                GFCD_ReqData
                0x060214d0                GFCD_ChkScdqFlag
                0x06020988                GFCD_WaitServer
                0x0602029c                GFCD_DelSctData
                0x06020774                GFCD_ExecServer
                0x06020b88                gfcd_doSetConTsk
                0x0601fdd0                GFCD_AllocFilt
                0x0601ffcc                GFCD_SetFilt
                0x060209c4                gfcd_doSetFiltTsk
                0x060214f4                GFCD_ClrScdqFlag
                0x06020e0c                gfcd_doDelSctDataTsk
                0x060208d0                gfcd_doTask
                0x0601ff48                GFCD_GetPickup
                0x06020498                GFCD_CheckMove
                0x06021510                GFCD_WaitScdqFlag
                0x06020130                GFCD_Play
                0x06020f40                gfcd_doMoveSctTsk
                0x060200d8                GFCD_SetCon
                0x06020578                GFCD_SetFiltCon
                0x06021554                GFCD_WaitPause
                0x0602073c                GFCD_GetBufSiz
                0x0601ff7c                GFCD_UngetPickup
                0x06020660                GFCD_GetFileInfo
                0x06020254                GFCD_EndData
                0x0601fe70                GFCD_FreeBuf
                0x06020190                GFCD_GetLenData
                0x0601fe0c                GFCD_FreeFilt
                0x06020848                gfcd_isIdleTask
                0x0601fbcc                GFCD_Init
                0x060212a0                gfcd_doSetFiltConTsk
                0x06020324                GFCD_GetStat
                0x06020424                GFCD_MoveSctData
                0x0601ffa8                GFCD_IsPuOwner
                0x06021408                gfcd_initCdbMng
                0x0601fba0                GFCD_SetCdbfs
                0x06020974                GFCD_SetTimer
                0x06021488                gfcd_setStat
                0x060202f4                GFCD_CheckDelSctData
 *fill*         0x060215a4        0xc 00
 .text          0x060215b0      0x1b6 ../sbl6/segalib/lib/sega_sat.a(DMA_CPU0.o)
                0x060215f8                DMA_CpuSetPrm
                0x060216fc                DMA_CpuStart
                0x06021754                DMA_CpuGetStatus
                0x06021728                DMA_CpuAllStop
                0x0602173c                DMA_CpuGetComStatus
                0x060215b0                DMA_CpuSetComPrm
                0x06021710                DMA_CpuStop
 *fill*         0x06021766        0xa 00
 .text          0x06021770       0xe8 ../sbl6/segalib/lib/sega_sat.a(csh_main.o)
                0x06021770                CSH_Init
                0x060217d8                CSH_AllClr
                0x06021824                CSH_Purge
 *fill*         0x06021858        0x8 00
 .text          0x06021860      0x308 ../sbl6/segalib/lib/sega_sat.a(DMA_SCU0.o)
                0x060218e4                DMA_ScuStart
                0x06021a18                DMA_ScuIntFunc0
                0x06021a88                DMA_ScuIntFunc1
                0x06021af8                DMA_ScuIntFunc2
                0x060219d8                DMA_ScuGetStatus
                0x06021860                DMA_ScuSetPrm
 *fill*         0x06021b68        0x8 00
 .text          0x06021b70      0x194 ../sbl6/segalib/lib/sega_sat.a(cdc_cfs.o)
                0x06021b70                CDC_ChgDir
                0x06021ba4                CDC_ReadDir
                0x06021cc8                CDC_AbortFile
                0x06021bd8                CDC_GetFileScope
                0x06021c38                CDC_TgetFileInfo
                0x06021c94                CDC_ReadFile
 *fill*         0x06021d04        0xc 00
 .text          0x06021d10      0x1e4 ../sbl6/segalib/lib/sega_sat.a(cdc_bio.o)
                0x06021dbc                CDC_GetdelSctData
                0x06021d44                CDC_GetSctData
                0x06021df8                CDC_PutSctData
                0x06021e74                CDC_MoveSctData
                0x06021eb8                CDC_GetCopyErr
                0x06021d80                CDC_DelSctData
                0x06021d10                CDC_SetSctLen
                0x06021e30                CDC_CopySctData
 *fill*         0x06021ef4        0xc 00
 .text          0x06021f00      0x2b8 ../sbl6/segalib/lib/sega_sat.a(cdc_sel.o)
                0x06022130                CDC_GetFiltCon
                0x060220ac                CDC_GetFiltMode
                0x06022184                CDC_ResetSelector
                0x06021f00                CDC_SetFiltRange
                0x06021f8c                CDC_SetFiltSubh
                0x06021ffc                CDC_GetFiltSubh
                0x06021f34                CDC_GetFiltRange
                0x06022078                CDC_SetFiltMode
                0x060220f0                CDC_SetFiltCon
 *fill*         0x060221b8        0x8 00
 .text          0x060221c0      0x270 ../sbl6/segalib/lib/sega_sat.a(cdc_bif.o)
                0x0602221c                CDC_GetSctNum
                0x0602239c                CDC_ExeFadSearch
                0x0602231c                CDC_GetSctInfo
                0x06022260                CDC_CalActSiz
                0x060221c0                CDC_GetBufSiz
                0x0602229c                CDC_GetActSiz
                0x060223d4                CDC_GetFadSearch
 .text          0x06022430       0xa8 ../sbl6/segalib/lib/sega_sat.a(cdc_dev.o)
                0x0602249c                CDC_CdGetLastBuf
                0x06022430                CDC_CdSetCon
                0x06022460                CDC_CdGetCon
 *fill*         0x060224d8        0x8 00
 .text          0x060224e0       0x60 c:/saturn/SH_COFF/sh-coff/bin/../lib/gcc/sh-coff/3.4-GNUSH_v0501\libgcc.a(_ashiftrt.o)
                0x060224ec                __ashiftrt_r4_27
                0x06022520                __ashiftrt_r4_6
                0x06022510                __ashiftrt_r4_14
                0x06022502                __ashiftrt_r4_19
                0x0602251a                __ashiftrt_r4_9
                0x0602252e                __ashiftrt_r4_0
                0x060224e0                __ashiftrt_r4_31
                0x060224ee                __ashiftrt_r4_26
                0x060224fc                __ashiftrt_r4_22
                0x06022508                __ashiftrt_r4_16
                0x06022514                __ashiftrt_r4_12
                0x060224e8                __ashiftrt_r4_29
                0x06022506                __ashiftrt_r4_17
                0x060224e6                __ashiftrt_r4_30
                0x06022522                __ashiftrt_r4_5
                0x0602251c                __ashiftrt_r4_8
                0x060224e0                __ashiftrt_r4_32
                0x060224f0                __ashiftrt_r4_25
                0x06022528                __ashiftrt_r4_2
                0x060224f2                __ashiftrt_r4_24
                0x0602250e                __ashiftrt_r4_15
                0x06022518                __ashiftrt_r4_10
                0x0602252a                __ashiftrt_r4_1
                0x060224ea                __ashiftrt_r4_28
                0x06022500                __ashiftrt_r4_20
                0x0602251e                __ashiftrt_r4_7
                0x06022512                __ashiftrt_r4_13
                0x06022516                __ashiftrt_r4_11
                0x06022524                __ashiftrt_r4_4
                0x060224fa                __ashiftrt_r4_23
                0x06022504                __ashiftrt_r4_18
                0x060224fe                __ashiftrt_r4_21
                0x06022526                __ashiftrt_r4_3
 .text          0x06022540       0xa0 c:/saturn/SH_COFF/sh-coff/bin/../lib/gcc/sh-coff/3.4-GNUSH_v0501\libgcc.a(_sdivsi3.o)
                0x06022540                __sdivsi3
 .text          0x060225e0       0x90 c:/saturn/SH_COFF/sh-coff/bin/../lib/gcc/sh-coff/3.4-GNUSH_v0501\libgcc.a(_ashiftrt_n.o)
                0x060225e0                __ashrsi3
 .text          0x06022670       0x90 c:/saturn/SH_COFF/sh-coff/bin/../lib/gcc/sh-coff/3.4-GNUSH_v0501\libgcc.a(_ashiftlt.o)
                0x06022670                __ashlsi3
 .text          0x06022700       0xb0 c:/saturn/SH_COFF/sh-coff/bin/../lib/gcc/sh-coff/3.4-GNUSH_v0501\libgcc.a(_movstr.o)
                0x06022740                __movstrSI16
                0x06022714                __movstrSI60
                0x06022720                __movstrSI48
                0x0602271c                __movstrSI52
                0x06022710                __movstrSI64
                0x06022724                __movstrSI44
                0x06022728                __movstrSI40
                0x0602272c                __movstrSI36
                0x06022760                __movstr
                0x06022718                __movstrSI56
                0x06022734                __movstrSI28
                0x06022730                __movstrSI32
                0x06022744                __movstrSI12
                0x06022748                __movstrSI8
                0x06022750                __movstrSI0
                0x06022738                __movstrSI24
                0x0602273c                __movstrSI20
                0x0602274c                __movstrSI4
 .text          0x060227b0       0xa0 c:/saturn/SH_COFF/sh-coff/bin/../lib/gcc/sh-coff/3.4-GNUSH_v0501\libgcc.a(__main.o)
                0x06022824                __main
                0x060227b0                __do_global_dtors
                0x060227e4                __do_global_ctors
 .text          0x06022850       0x70 c:/saturn/SH_COFF/sh-coff/bin/../lib/gcc/sh-coff/3.4-GNUSH_v0501\libgcc.a(_udivsi3.o)
                0x06022872                __udivsi3
 .text          0x060228c0      0x2e0 c:/saturn/SH_COFF/sh-coff/bin/../lib/gcc/sh-coff/3.4-GNUSH_v0501\libgcc.a(_mul_df.o)
                0x060228d0                __muldf3
 .text          0x06022ba0       0xb0 c:/saturn/SH_COFF/sh-coff/bin/../lib/gcc/sh-coff/3.4-GNUSH_v0501\libgcc.a(_si_to_df.o)
                0x06022ba0                __floatsidf
 .text          0x06022c50       0x80 c:/saturn/SH_COFF/sh-coff/bin/../lib/gcc/sh-coff/3.4-GNUSH_v0501\libgcc.a(_df_to_si.o)
                0x06022c50                __fixdfsi
 .text          0x06022cd0      0x120 c:/saturn/SH_COFF/sh-coff/bin/../lib/gcc/sh-coff/3.4-GNUSH_v0501\libgcc.a(_unpack_df.o)
                0x06022ce0                __unpack_d
 .text          0x06022df0      0x220 c:/saturn/SH_COFF/sh-coff/bin/../lib/gcc/sh-coff/3.4-GNUSH_v0501\libgcc.a(_pack_df.o)
                0x06022e00                __pack_d
 .text          0x06023010       0x20 c:/saturn/SH_COFF/sh-coff/bin/../lib/gcc/sh-coff/3.4-GNUSH_v0501\libgcc.a(_thenan_df.o)
                0x06023010                __thenan_df
 .text          0x06023030       0xd0 c:/saturn/SH_COFF/sh-coff/bin/../lib/gcc/sh-coff/3.4-GNUSH_v0501\libgcc.a(_muldi3.o)
                0x06023030                __muldi3
 .text          0x06023100       0x80 c:/saturn/SH_COFF/sh-coff/bin/../lib/gcc/sh-coff/3.4-GNUSH_v0501\libgcc.a(_lshrdi3.o)
                0x06023100                __lshrdi3
 .text          0x06023180       0x80 c:/saturn/SH_COFF/sh-coff/bin/../lib/gcc/sh-coff/3.4-GNUSH_v0501\libgcc.a(_ashldi3.o)
                0x06023180                __ashldi3
 .text          0x06023200       0x30 c:/saturn/SH_COFF/sh-coff/bin/../lib/gcc/sh-coff/3.4-GNUSH_v0501\libgcc.a(_mulsi3.o)
                0x06023200                __mulsi3
 .text          0x06023230       0x90 c:/saturn/SH_COFF/sh-coff/bin/../lib/gcc/sh-coff/3.4-GNUSH_v0501\libgcc.a(_lshiftrt.o)
                0x06023230                __lshrsi3
 .text          0x060232c0       0xa0 c:/saturn/SH_COFF/sh-coff/bin/../lib/gcc/sh-coff/3.4-GNUSH_v0501/../../../../sh-coff/lib\libc.a(memcpy.o)
                0x060232c0                memcpy
 .text          0x06023360       0x40 c:/saturn/SH_COFF/sh-coff/bin/../lib/gcc/sh-coff/3.4-GNUSH_v0501/../../../../sh-coff/lib\libc.a(memset.o)
                0x06023360                memset
 .text          0x060233a0       0x60 c:/saturn/SH_COFF/sh-coff/bin/../lib/gcc/sh-coff/3.4-GNUSH_v0501/../../../../sh-coff/lib\libc.a(memcmp.o)
                0x060233a0                memcmp
 .text          0x06023400       0xb0 c:/saturn/SH_COFF/sh-coff/bin/../lib/gcc/sh-coff/3.4-GNUSH_v0501/../../../../sh-coff/lib\libc.a(strncmp.o)
                0x06023400                strncmp
 .text          0x060234b0       0xa0 c:/saturn/SH_COFF/sh-coff/bin/../lib/gcc/sh-coff/3.4-GNUSH_v0501/../../../../sh-coff/lib\libc.a(strncpy.o)
                0x060234b0                strncpy
 .text          0x06023550       0x90 c:/saturn/SH_COFF/sh-coff/bin/../lib/gcc/sh-coff/3.4-GNUSH_v0501/../../../../sh-coff/lib\libc.a(atexit.o)
                0x06023550                atexit
 .text          0x060235e0       0x10 c:/saturn/SH_COFF/sh-coff/bin/../lib/gcc/sh-coff/3.4-GNUSH_v0501/../../../../sh-coff/lib\libc.a(impure.o)
                0x060235e0                _global_impure_ptr
 .text          0x060235f0       0x40 c:/saturn/SH_COFF/sh-coff/bin/../lib/gcc/sh-coff/3.4-GNUSH_v0501/../../../../sh-coff/lib\libc.a(malloc.o)
                0x0602360c                free
                0x060235f0                malloc
 .text          0x06023630      0x5b0 c:/saturn/SH_COFF/sh-coff/bin/../lib/gcc/sh-coff/3.4-GNUSH_v0501/../../../../sh-coff/lib\libc.a(mallocr.o)
                0x06023630                _malloc_r
 .text          0x06023be0      0x340 c:/saturn/SH_COFF/sh-coff/bin/../lib/gcc/sh-coff/3.4-GNUSH_v0501/../../../../sh-coff/lib\libc.a(freer.o)
                0x06023be0                _malloc_trim_r
                0x06023cd4                _free_r
 .text          0x06023f20       0x20 c:/saturn/SH_COFF/sh-coff/bin/../lib/gcc/sh-coff/3.4-GNUSH_v0501/../../../../sh-coff/lib\libc.a(mlock.o)
                0x06023f20                __malloc_lock
                0x06023f2c                __malloc_unlock
 .text          0x06023f40       0x50 c:/saturn/SH_COFF/sh-coff/bin/../lib/gcc/sh-coff/3.4-GNUSH_v0501/../../../../sh-coff/lib\libc.a(sbrkr.o)
                0x06023f40                _sbrk_r
 .text          0x06023f90      0x380 c:/saturn/SH_COFF/sh-coff/bin/../lib/gcc/sh-coff/3.4-GNUSH_v0501/../../../../sh-coff/lib\libc.a(syscalls.o)
                0x060240fc                _exit
                0x06024130                _getpid
                0x06024198                _utime
                0x06023fc8                _write
                0x06023f90                _read
                0x060240e4                _unlink
                0x060240ac                _open
                0x06024148                _stat
                0x060240f0                isatty
                0x060241c8                _wait
                0x06024114                _kill
                0x06024164                _chmod
                0x060241f8                _execv
                0x060241dc                _execve
                0x060242d4                __setup_argv_and_call_main
                0x06024230                _gettimeofday
                0x06023ffc                _link
                0x0602413c                _raise
                0x060240c8                _creat
                0x06024210                _pipe
                0x0602417c                _chown
                0x06023fac                _lseek
                0x06023fe4                _close
                0x06024224                _times
                0x06024098                _fstat
                0x060241b4                _fork
                0x06024024                _sbrk
 .text          0x06024310       0x20 c:/saturn/SH_COFF/sh-coff/bin/../lib/gcc/sh-coff/3.4-GNUSH_v0501/../../../../sh-coff/lib\libc.a(trap.o)
                0x06024310                __trap34
 .text          0x06024330       0x20 c:/saturn/SH_COFF/sh-coff/bin/../lib/gcc/sh-coff/3.4-GNUSH_v0501/../../../../sh-coff/lib\libc.a(abort.o)
                0x06024330                abort
 .text          0x06024350      0x270 c:/saturn/SH_COFF/sh-coff/bin/../lib/gcc/sh-coff/3.4-GNUSH_v0501/../../../../sh-coff/lib\libc.a(signal.o)
                0x06024410                _raise_r
                0x06024598                __sigtramp
                0x06024544                raise
                0x06024580                _init_signal
                0x060244d0                __sigtramp_r
                0x06024560                signal
                0x0602439c                _signal_r
                0x06024350                _init_signal_r
 .text          0x060245c0       0x60 c:/saturn/SH_COFF/sh-coff/bin/../lib/gcc/sh-coff/3.4-GNUSH_v0501/../../../../sh-coff/lib\libc.a(signalr.o)
                0x06024608                _getpid_r
                0x060245c0                _kill_r
 *(.strings)

.tors           0x06024620        0x0
                0x06024620                ___ctors = .
 *(.ctors)
                0x06024620                ___ctors_end = .
                0x06024620                ___dtors = .
 *(.dtors)
                0x06024620                ___dtors_end = .

.data           0x06024620     0x1290
                0x06024620                STARTOF_R = .
 *(.data)
 .data          0x06024620      0x400 ../sbl6/segasmp/per/smpclib/per_x1.o
 .data          0x06024a20       0xb0 graphics.o
                0x06024abe                font_height
                0x06024ab4                font_name
                0x06024ac0                font_width
                0x06024ac4                font_num
                0x06024a20                sonic_pal
                0x06024a6c                sonic_width
                0x06024a6a                sonic_height
                0x06024a74                font_pal
                0x06024a6e                sonic_size
                0x06024a70                sonic_num
                0x06024ac2                font_size
                0x06024a60                sonic_name
 .data          0x06024ad0       0x10 pcmsys.o
                0x06024ad4                scsp_load
                0x06024ad8                m68k_com
                0x06024ad0                master_volume
 .data          0x06024ae0      0x130 scroll.o
                0x06024c08                cpz_num
                0x06024ae0                CycleTb
                0x06024af0                vram
                0x06024b00                cpz_pal
                0x06024c00                cpz_name
 .data          0x06024c10       0x30 sprite.o
 .data          0x06024c40      0x400 ../sbl6/segalib/lib/sega_int.a(int.o)
 .data          0x06025040       0x1c ../sbl6/segalib/lib/sega_spr.a(spr_slv.o)
                0x06025048                SPR_SlaveParam
                0x06025058                SPR_SMPC_SF
                0x06025050                SPR_SMPC_COM
                0x0602504c                SPR_SlaveSHEntry
                0x06025044                SPR_SlaveState
                0x06025040                SPR_SlaveCommand
                0x06025054                SPR_SMPC_RET
 *fill*         0x0602505c        0x4 00
 .data          0x06025060       0x34 ../sbl6/segalib/lib/sega_spr.a(spr_1c.o)
                0x06025060                SpInitialFlag
 *fill*         0x06025094        0xc 00
 .data          0x060250a0       0x1c ../sbl6/segalib/lib/sega_scl.a(scl_vblv.o)
                0x060250a8                VBInterval
                0x060250b0                ReqDisplayFlag
                0x060250a0                SpFrameChgMode
                0x060250ac                VBIntervalCounter
                0x060250a4                SpFrameEraseMode
 *fill*         0x060250bc        0x4 00
 .data          0x060250c0       0x36 ../sbl6/segalib/lib/sega_scl.a(scl_func.o)
                0x060250d0                SclRotregBuff
                0x060250cc                SclDisplayY
                0x060250d4                SclRotateTableMode
                0x060250c8                SclProcess
                0x060250c4                SclCurSclNum
                0x060250c0                SclLengthLsTbl
                0x060250ca                SclDisplayX
                0x060250c2                SclLengthCsTbl
 *fill*         0x060250f6        0xa 00
 .data          0x06025100       0x18 ../sbl6/segalib/lib/sega_scl.a(scl_pri.o)
                0x06025104                SclRealSpPriNum
                0x06025114                SclRealColOffset
                0x06025110                SclRealBgColMix
                0x0602510c                SclRealSpColMix
                0x06025108                SclRealBgPriNum
                0x06025100                SclRealOtherPri
 *fill*         0x06025118        0x8 00
 .data          0x06025120      0x380 c:/saturn/SH_COFF/sh-coff/bin/../lib/gcc/sh-coff/3.4-GNUSH_v0501/../../../../sh-coff/lib\libc.a(impure.o)
                0x0602549c                _impure_ptr
 .data          0x060254a0      0x410 c:/saturn/SH_COFF/sh-coff/bin/../lib/gcc/sh-coff/3.4-GNUSH_v0501/../../../../sh-coff/lib\libc.a(mallocr.o)
                0x060254a8                __malloc_av_
                0x060254a4                __malloc_trim_threshold
                0x060254a0                __malloc_sbrk_base
                0x060258b0                SIZEOF_R = (. - STARTOF_R)
                0x060258b0                ENDOF_R = .

.bss            0x060258b0    0x1be64
                0x060258b0                STARTOF_B = .
 *(.bss)
 .bss           0x060258b0       0x10 vblank.o
                0x060258b4                PadData2E
                0x060258ba                PadData1
                0x060258b6                PadData2
                0x060258b8                PadData1E
                0x060258b0                __port
 .bss           0x060258c0       0xd0 ../sbl6/segasmp/per/smpclib/per_x2.o
 .bss           0x06025990       0x10 pcmsys.o
                0x06025990                numberPCMs
 .bss           0x060259a0       0x40 scroll.o
                0x060259b8                map_tiles_x
                0x060259c0                scrolls_y
                0x060259a0                scroll_ysize
                0x060259b0                map_tiles_y
                0x060259a8                copy_modes
                0x060259d0                scrolls_x
                0x060259a4                scroll_xsize
 .bss           0x060259e0     0x3800 sprite.o
                0x060259e0                num_sprites
 .bss           0x060291e0       0x10 main.o
                0x060291e0                frame
 .bss           0x060291f0       0x6e ../sbl6/segalib/lib/sega_spr.a(spr_2c.o)
 *fill*         0x0602925e        0x2 00
 .bss           0x06029260        0x4 ../sbl6/segalib/lib/sega_scl.a(scl_vblv.o)
 *fill*         0x06029264        0xc 00
 .bss           0x06029270        0x4 ../sbl6/segalib/lib/sega_scl.a(scl_func.o)
 *fill*         0x06029274        0xc 00
 .bss           0x06029280     0x1900 ../sbl6/segalib/lib/sega_scl.a(scl_fu05.o)
 .bss           0x0602ab80       0x48 ../sbl6/segalib/lib/sega_scl.a(scl_ro00.o)
 *fill*         0x0602abc8        0x8 00
 .bss           0x0602abd0        0xc ../sbl6/segalib/lib/sega_cdc.a(cdc_sub.o)
 *fill*         0x0602abdc        0x4 00
 .bss           0x0602abe0        0x2 ../sbl6/segalib/lib/sega_cdc.a(cdc_reg.o)
 *fill*         0x0602abe2        0xe 00
 .bss           0x0602abf0       0x9c ../sbl6/segalib/lib/sega_per.a(per_prt.o)
 *fill*         0x0602ac8c        0x4 00
 .bss           0x0602ac90        0xc ../sbl6/segalib/lib/sega_sat.a(DMA_SCU1.o)
 *fill*         0x0602ac9c        0x4 00
 .bss           0x0602aca0        0xc ../sbl6/segalib/lib/sega_sat.a(gfs_trn.o)
 *fill*         0x0602acac        0x4 00
 .bss           0x0602acb0       0x20 ../sbl6/segalib/lib/sega_sat.a(DMA_SCU0.o)
 .bss           0x0602acd0       0x10 c:/saturn/SH_COFF/sh-coff/bin/../lib/gcc/sh-coff/3.4-GNUSH_v0501\libgcc.a(__main.o)
 .bss           0x0602ace0       0x10 c:/saturn/SH_COFF/sh-coff/bin/../lib/gcc/sh-coff/3.4-GNUSH_v0501/../../../../sh-coff/lib\libc.a(atexit.o)
 .bss           0x0602acf0       0x40 c:/saturn/SH_COFF/sh-coff/bin/../lib/gcc/sh-coff/3.4-GNUSH_v0501/../../../../sh-coff/lib\libc.a(mallocr.o)
                0x0602ad20                __malloc_top_pad
                0x0602acf0                __malloc_current_mallinfo
                0x0602ad1c                __malloc_max_sbrked_mem
                0x0602ad18                __malloc_max_total_mem
 .bss           0x0602ad30       0x10 c:/saturn/SH_COFF/sh-coff/bin/../lib/gcc/sh-coff/3.4-GNUSH_v0501/../../../../sh-coff/lib\libc.a(syscalls.o)
 *(COMMON)
 COMMON         0x0602ad40     0x1674 cd.o
                                  0x0 (size before relaxing)
                0x0602ad40                dirname
                0x0602b6a0                lib_work
                0x0602c3a8                directory_table
 *fill*         0x0602c3b4        0xc 00
 COMMON         0x0602c3c0      0x8c0 print.o
                                  0x0 (size before relaxing)
                0x0602c3c0                text
 COMMON         0x0602cc80    0x11b70 scroll.o
                                  0x0 (size before relaxing)
                0x0602cc80                level
                0x0602dc80                line_param0
                0x0602f590                scfg3
                0x0602f620                scfg0
                0x0602f6b0                collision_indexes_pri
                0x0602f9b0                slopes_normal
                0x060309b0                angles
                0x06030ab0                maps
                0x06030ac0                scfg2
                0x06030b50                collision_indexes_sec
                0x06030e50                chunk_defs
                0x06038e50                block_defs
                0x0603be50                line_param1
                0x0603d760                scfg1
                0x0603d7f0                slopes_rotated
 COMMON         0x0603e7f0       0x38 sonic.o
                                  0x0 (size before relaxing)
                0x0603e7f0                sonic
 *fill*         0x0603e828        0x8 00
 COMMON         0x0603e830     0x1460 sprite.o
                                  0x0 (size before relaxing)
                0x0603e830                sprites
                0x0603ec90                image_buf
 COMMON         0x0603fc90      0x400 ../sbl6/segalib/lib/sega_int.a(int.o)
                                  0x0 (size before relaxing)
                0x0603fc90                __interrupt_vector
 COMMON         0x06040090       0x50 ../sbl6/segalib/lib/sega_spr.a(spr_2c.o)
                                  0x0 (size before relaxing)
                0x06040090                SpMstCmd
                0x06040094                Sp2OpenFlag
                0x06040098                SpGourTblMax
                0x0604009c                SpDrawPrtyBlk
                0x060400a0                SpLCoordX
                0x060400a4                SpMstDrawPrtyBlk
                0x060400a8                SpGourTbl
                0x060400ac                SpLookupTblR
                0x060400b0                SpCmdTbl
                0x060400b4                SpCharMax
                0x060400b8                SpDrawPrtyProcFlag
                0x060400bc                SpCmdNo
                0x060400c0                SpDrawPrtyBlkMax
                0x060400c4                SpSlvCmdPos
                0x060400c8                SpSlvDrawPrtyBlk
                0x060400cc                SpCharTbl
                0x060400d0                SpCmdTblR
                0x060400d4                SpMstCmdPos
                0x060400d8                SpSlvCmd
                0x060400dc                SpLCoordY
 COMMON         0x060400e0       0x10 ../sbl6/segalib/lib/sega_spr.a(spr_1c.o)
                                  0x0 (size before relaxing)
                0x060400e0                SpScreenY
                0x060400e4                SpFbcrMode
                0x060400e6                SpDil
                0x060400e8                SpDie
                0x060400ea                SpTvMode
                0x060400ec                SpScreenX
 COMMON         0x060400f0      0xf00 ../sbl6/segalib/lib/sega_scl.a(scl_func.o)
                                  0x0 (size before relaxing)
                0x060400f0                SclRbgKtbAddr
                0x060400f8                SclRb
                0x060400fa                Scl_flag
                0x06040100                SclK_TableBuff
                0x06040dd0                SclAddrCsTbl
                0x06040de0                Scl_s_reg
                0x06040e08                SclRotateXy
                0x06040e10                Scl_d_reg
                0x06040e58                SclRotateDisp
                0x06040e60                SclRotateMoveZ
                0x06040e68                SclRotXySw
                0x06040e70                Scl_r_reg
                0x06040e80                SclRPMD
                0x06040e88                SclRbgKtbOffset
                0x06040e90                _SclRotregBuff
                0x06040f60                SclRa
                0x06040f68                SclRotateZ
                0x06040f70                SclAddrLsTbl
                0x06040f78                SclK_TableNum
                0x06040f80                SclRotateTableAddress
                0x06040f84                SclK_TableFlag
                0x06040f90                Scl_w_reg
                0x06040fb0                Scl_n_reg
 COMMON         0x06040ff0      0x6b0 ../sbl6/segalib/lib/sega_scl.a(scl_pri.o)
                                  0x0 (size before relaxing)
                0x06040ff0                SclAutoEndBlue2
                0x06041000                SclColOffset
                0x06041010                SclPriBuffDirty
                0x06041012                SclAutoEndRed
                0x06041014                SclAutoSurface
                0x06041018                SclAutoGreen
                0x0604101a                SclAutoEndGreen
                0x0604101c                SclAutoCount
                0x06041020                SclColRamAlloc256
                0x06041040                SclAutoCurRate
                0x06041041                SclAutoPlusFlag
                0x06041048                SclSpColMix
                0x06041050                SclAutoMax
                0x06041054                SclLineColRamOffset
                0x06041058                SclColRamAlloc2048
                0x0604105c                SclBgPriNum
                0x06041062                SclAutoEndBlue
                0x06041064                SclAutoEndGreen2
                0x06041066                SclAutoVeFlag
                0x06041068                SclBgColMix
                0x06041070                SclAutoIndex
                0x06041074                SclAutoEndRate
                0x06041076                SclAutoBlue
                0x06041078                SclAutoRed
                0x0604107c                SclAutoInterval
                0x06041080                SclOtherPri
                0x06041090                SclAutoRGB
                0x06041690                SclAutoEndRed2
                0x06041698                SclSpPriNum
 COMMON         0x060416a0       0x10 ../sbl6/segalib/lib/sega_scl.a(scl_ro00.o)
                                  0x0 (size before relaxing)
                0x060416a0                SclCsx
                0x060416a8                SclCsy
 COMMON         0x060416b0       0x15 ../sbl6/segalib/lib/sega_per.a(per_prt.o)
                                  0x0 (size before relaxing)
                0x060416b0                per_get_time_flg
                0x060416b1                per_hot_res
                0x060416b2                per_set_sys_flg
                0x060416b4                per_get_time_adr
                0x060416b8                per_get_sys_data
                0x060416c4                per_time_out_flg
 *fill*         0x060416c5        0xb 00
 COMMON         0x060416d0        0xc ../sbl6/segalib/lib/sega_sat.a(gfs.o)
                                  0x0 (size before relaxing)
                0x060416d0                GFMC_base
                0x060416d4                gfs_mng_ptr
                0x060416d8                gfs_use_scudma
 *fill*         0x060416dc        0x4 00
 COMMON         0x060416e0        0x8 ../sbl6/segalib/lib/sega_sat.a(DMA_CPU5.o)
                                  0x0 (size before relaxing)
                0x060416e0                dma_cpu_cnt
                0x060416e4                dma_cpu_dis_adr
 *fill*         0x060416e8        0x8 00
 COMMON         0x060416f0        0x8 ../sbl6/segalib/lib/sega_sat.a(gfs_cdf.o)
                                  0x0 (size before relaxing)
                0x060416f0                gfcf_fad
                0x060416f4                gfcf_stat
 *fill*         0x060416f8        0x8 00
 COMMON         0x06041700        0xc ../sbl6/segalib/lib/sega_sat.a(gfs_cdc.o)
                                  0x0 (size before relaxing)
                0x06041700                gfcd_fatal_err
                0x06041704                gfcd_work
                0x06041708                gfcd_playflag
 *fill*         0x0604170c        0x4 00
 COMMON         0x06041710        0x4 c:/saturn/SH_COFF/sh-coff/bin/../lib/gcc/sh-coff/3.4-GNUSH_v0501/../../../../sh-coff/lib\libc.a(syscalls.o)
                                  0x0 (size before relaxing)
                0x06041710                errno
                0x06041714                SIZEOF_B = (. - STARTOF_B)
                0x06041714                ENDOF_B = .
                0x06041714                _end = .
OUTPUT(main.cof coff-sh)

.comment        0x06041720      0x4a0
 .comment       0x06041720       0x20 ../sbl6/segasmp/lib/strt2_g.o
 .comment       0x06041740       0x20 vblank.o
 .comment       0x06041760       0x20 ../sbl6/segasmp/per/smpclib/per_x1.o
 .comment       0x06041780       0x20 ../sbl6/segasmp/per/smpclib/per_x2.o
 .comment       0x060417a0       0x20 cd.o
 .comment       0x060417c0       0x20 graphics.o
 .comment       0x060417e0       0x20 pcmsys.o
 .comment       0x06041800       0x20 print.o
 .comment       0x06041820       0x20 scroll.o
 .comment       0x06041840       0x20 sonic.o
 .comment       0x06041860       0x20 sound.o
 .comment       0x06041880       0x20 sprite.o
 .comment       0x060418a0       0x20 main.o
 .comment       0x060418c0       0x20 c:/saturn/SH_COFF/sh-coff/bin/../lib/gcc/sh-coff/3.4-GNUSH_v0501\libgcc.a(__main.o)
 .comment       0x060418e0       0x20 c:/saturn/SH_COFF/sh-coff/bin/../lib/gcc/sh-coff/3.4-GNUSH_v0501\libgcc.a(_mul_df.o)
 .comment       0x06041900       0x20 c:/saturn/SH_COFF/sh-coff/bin/../lib/gcc/sh-coff/3.4-GNUSH_v0501\libgcc.a(_si_to_df.o)
 .comment       0x06041920       0x20 c:/saturn/SH_COFF/sh-coff/bin/../lib/gcc/sh-coff/3.4-GNUSH_v0501\libgcc.a(_df_to_si.o)
 .comment       0x06041940       0x20 c:/saturn/SH_COFF/sh-coff/bin/../lib/gcc/sh-coff/3.4-GNUSH_v0501\libgcc.a(_unpack_df.o)
 .comment       0x06041960       0x20 c:/saturn/SH_COFF/sh-coff/bin/../lib/gcc/sh-coff/3.4-GNUSH_v0501\libgcc.a(_pack_df.o)
 .comment       0x06041980       0x20 c:/saturn/SH_COFF/sh-coff/bin/../lib/gcc/sh-coff/3.4-GNUSH_v0501\libgcc.a(_thenan_df.o)
 .comment       0x060419a0       0x20 c:/saturn/SH_COFF/sh-coff/bin/../lib/gcc/sh-coff/3.4-GNUSH_v0501\libgcc.a(_muldi3.o)
 .comment       0x060419c0       0x20 c:/saturn/SH_COFF/sh-coff/bin/../lib/gcc/sh-coff/3.4-GNUSH_v0501\libgcc.a(_lshrdi3.o)
 .comment       0x060419e0       0x20 c:/saturn/SH_COFF/sh-coff/bin/../lib/gcc/sh-coff/3.4-GNUSH_v0501\libgcc.a(_ashldi3.o)
 .comment       0x06041a00       0x20 c:/saturn/SH_COFF/sh-coff/bin/../lib/gcc/sh-coff/3.4-GNUSH_v0501/../../../../sh-coff/lib\libc.a(memcmp.o)
 .comment       0x06041a20       0x20 c:/saturn/SH_COFF/sh-coff/bin/../lib/gcc/sh-coff/3.4-GNUSH_v0501/../../../../sh-coff/lib\libc.a(strncmp.o)
 .comment       0x06041a40       0x20 c:/saturn/SH_COFF/sh-coff/bin/../lib/gcc/sh-coff/3.4-GNUSH_v0501/../../../../sh-coff/lib\libc.a(strncpy.o)
 .comment       0x06041a60       0x20 c:/saturn/SH_COFF/sh-coff/bin/../lib/gcc/sh-coff/3.4-GNUSH_v0501/../../../../sh-coff/lib\libc.a(atexit.o)
 .comment       0x06041a80       0x20 c:/saturn/SH_COFF/sh-coff/bin/../lib/gcc/sh-coff/3.4-GNUSH_v0501/../../../../sh-coff/lib\libc.a(impure.o)
 .comment       0x06041aa0       0x20 c:/saturn/SH_COFF/sh-coff/bin/../lib/gcc/sh-coff/3.4-GNUSH_v0501/../../../../sh-coff/lib\libc.a(malloc.o)
 .comment       0x06041ac0       0x20 c:/saturn/SH_COFF/sh-coff/bin/../lib/gcc/sh-coff/3.4-GNUSH_v0501/../../../../sh-coff/lib\libc.a(mallocr.o)
 .comment       0x06041ae0       0x20 c:/saturn/SH_COFF/sh-coff/bin/../lib/gcc/sh-coff/3.4-GNUSH_v0501/../../../../sh-coff/lib\libc.a(freer.o)
 .comment       0x06041b00       0x20 c:/saturn/SH_COFF/sh-coff/bin/../lib/gcc/sh-coff/3.4-GNUSH_v0501/../../../../sh-coff/lib\libc.a(mlock.o)
 .comment       0x06041b20       0x20 c:/saturn/SH_COFF/sh-coff/bin/../lib/gcc/sh-coff/3.4-GNUSH_v0501/../../../../sh-coff/lib\libc.a(sbrkr.o)
 .comment       0x06041b40       0x20 c:/saturn/SH_COFF/sh-coff/bin/../lib/gcc/sh-coff/3.4-GNUSH_v0501/../../../../sh-coff/lib\libc.a(syscalls.o)
 .comment       0x06041b60       0x20 c:/saturn/SH_COFF/sh-coff/bin/../lib/gcc/sh-coff/3.4-GNUSH_v0501/../../../../sh-coff/lib\libc.a(abort.o)
 .comment       0x06041b80       0x20 c:/saturn/SH_COFF/sh-coff/bin/../lib/gcc/sh-coff/3.4-GNUSH_v0501/../../../../sh-coff/lib\libc.a(signal.o)
 .comment       0x06041ba0       0x20 c:/saturn/SH_COFF/sh-coff/bin/../lib/gcc/sh-coff/3.4-GNUSH_v0501/../../../../sh-coff/lib\libc.a(signalr.o)
